Archive member included to satisfy reference by file (symbol)

/home/beatrice/Licenta_FisiereComplete/ardupilot/build/px4-v3/modules/PX4Firmware/px4io-v2/NuttX/nuttx-export/libs/libnuttx.a(sched-irq_attach.o)
                              CMakeFiles/px4io-v2.dir/__/__/drivers/stm32/drv_hrt.c.obj (irq_attach)
/home/beatrice/Licenta_FisiereComplete/ardupilot/build/px4-v3/modules/PX4Firmware/px4io-v2/NuttX/nuttx-export/libs/libnuttx.a(sched-irq_initialize.o)
                              /home/beatrice/Licenta_FisiereComplete/ardupilot/build/px4-v3/modules/PX4Firmware/px4io-v2/NuttX/nuttx-export/libs/libnuttx.a(sched-irq_attach.o) (g_irqvector)
/home/beatrice/Licenta_FisiereComplete/ardupilot/build/px4-v3/modules/PX4Firmware/px4io-v2/NuttX/nuttx-export/libs/libnuttx.a(sched-irq_unexpectedisr.o)
                              /home/beatrice/Licenta_FisiereComplete/ardupilot/build/px4-v3/modules/PX4Firmware/px4io-v2/NuttX/nuttx-export/libs/libnuttx.a(sched-irq_attach.o) (irq_unexpected_isr)
/home/beatrice/Licenta_FisiereComplete/ardupilot/build/px4-v3/modules/PX4Firmware/px4io-v2/NuttX/nuttx-export/libs/libnuttx.a(c-lib_abort.o)
                              (abort)
/home/beatrice/Licenta_FisiereComplete/ardupilot/build/px4-v3/modules/PX4Firmware/px4io-v2/NuttX/nuttx-export/libs/libnuttx.a(c-lib_cfsetspeed.o)
                              CMakeFiles/px4io-v2.dir/__/__/lib/rc/sbus.c.obj (cfsetspeed)
/home/beatrice/Licenta_FisiereComplete/ardupilot/build/px4-v3/modules/PX4Firmware/px4io-v2/NuttX/nuttx-export/libs/libnuttx.a(c-lib_crc32.o)
                              CMakeFiles/px4io-v2.dir/px4io.c.obj (crc32part)
/home/beatrice/Licenta_FisiereComplete/ardupilot/build/px4-v3/modules/PX4Firmware/px4io-v2/NuttX/nuttx-export/libs/libnuttx.a(c-lib_dprintf.o)
                              CMakeFiles/px4io-v2.dir/__/systemlib/perf_counter.c.obj (dprintf)
/home/beatrice/Licenta_FisiereComplete/ardupilot/build/px4-v3/modules/PX4Firmware/px4io-v2/NuttX/nuttx-export/libs/libnuttx.a(c-lib_lowsyslog.o)
                              CMakeFiles/px4io-v2.dir/px4io.c.obj (lowsyslog)
/home/beatrice/Licenta_FisiereComplete/ardupilot/build/px4-v3/modules/PX4Firmware/px4io-v2/NuttX/nuttx-export/libs/libnuttx.a(c-lib_memchr.o)
                              CMakeFiles/px4io-v2.dir/__/systemlib/mixer/mixer.cpp.obj (memchr)
/home/beatrice/Licenta_FisiereComplete/ardupilot/build/px4-v3/modules/PX4Firmware/px4io-v2/NuttX/nuttx-export/libs/libnuttx.a(c-lib_memcpy.o)
                              CMakeFiles/px4io-v2.dir/mixer.cpp.obj (memcpy)
/home/beatrice/Licenta_FisiereComplete/ardupilot/build/px4-v3/modules/PX4Firmware/px4io-v2/NuttX/nuttx-export/libs/libnuttx.a(c-lib_memset.o)
                              CMakeFiles/px4io-v2.dir/px4io.c.obj (memset)
/home/beatrice/Licenta_FisiereComplete/ardupilot/build/px4-v3/modules/PX4Firmware/px4io-v2/NuttX/nuttx-export/libs/libnuttx.a(c-lib_printf.o)
                              CMakeFiles/px4io-v2.dir/__/systemlib/perf_counter.c.obj (printf)
/home/beatrice/Licenta_FisiereComplete/ardupilot/build/px4-v3/modules/PX4Firmware/px4io-v2/NuttX/nuttx-export/libs/libnuttx.a(c-lib_sscanf.o)
                              CMakeFiles/px4io-v2.dir/__/systemlib/mixer/mixer_multirotor.cpp.obj (sscanf)
/home/beatrice/Licenta_FisiereComplete/ardupilot/build/px4-v3/modules/PX4Firmware/px4io-v2/NuttX/nuttx-export/libs/libnuttx.a(c-lib_strchr.o)
                              /home/beatrice/Licenta_FisiereComplete/ardupilot/build/px4-v3/modules/PX4Firmware/px4io-v2/NuttX/nuttx-export/libs/libnuttx.a(c-lib_sscanf.o) (strchr)
/home/beatrice/Licenta_FisiereComplete/ardupilot/build/px4-v3/modules/PX4Firmware/px4io-v2/NuttX/nuttx-export/libs/libnuttx.a(c-lib_strcmp.o)
                              CMakeFiles/px4io-v2.dir/__/systemlib/perf_counter.c.obj (strcmp)
/home/beatrice/Licenta_FisiereComplete/ardupilot/build/px4-v3/modules/PX4Firmware/px4io-v2/NuttX/nuttx-export/libs/libnuttx.a(c-lib_strcspn.o)
                              /home/beatrice/Licenta_FisiereComplete/ardupilot/build/px4-v3/modules/PX4Firmware/px4io-v2/NuttX/nuttx-export/libs/libnuttx.a(c-lib_sscanf.o) (strcspn)
/home/beatrice/Licenta_FisiereComplete/ardupilot/build/px4-v3/modules/PX4Firmware/px4io-v2/NuttX/nuttx-export/libs/libnuttx.a(c-lib_strncpy.o)
                              /home/beatrice/Licenta_FisiereComplete/ardupilot/build/px4-v3/modules/PX4Firmware/px4io-v2/NuttX/nuttx-export/libs/libnuttx.a(c-lib_sscanf.o) (strncpy)
/home/beatrice/Licenta_FisiereComplete/ardupilot/build/px4-v3/modules/PX4Firmware/px4io-v2/NuttX/nuttx-export/libs/libnuttx.a(c-lib_strtol.o)
                              /home/beatrice/Licenta_FisiereComplete/ardupilot/build/px4-v3/modules/PX4Firmware/px4io-v2/NuttX/nuttx-export/libs/libnuttx.a(c-lib_sscanf.o) (strtol)
/home/beatrice/Licenta_FisiereComplete/ardupilot/build/px4-v3/modules/PX4Firmware/px4io-v2/NuttX/nuttx-export/libs/libnuttx.a(c-lib_strtoul.o)
[...]
Memory Configuration

Name             Origin             Length             Attributes
flash            0x0000000008001000 0x000000000000f000 xr
sram             0x0000000020000000 0x0000000000002000 xrw
*default*        0x0000000000000000 0xffffffffffffffff

Linker script and memory map

LOAD CMakeFiles/px4io-v2.dir/adc.c.obj
LOAD CMakeFiles/px4io-v2.dir/controls.c.obj
LOAD CMakeFiles/px4io-v2.dir/px4io.c.obj
LOAD CMakeFiles/px4io-v2.dir/registers.c.obj
LOAD CMakeFiles/px4io-v2.dir/safety.c.obj
LOAD CMakeFiles/px4io-v2.dir/__/systemlib/up_cxxinitialize.c.obj
LOAD CMakeFiles/px4io-v2.dir/__/systemlib/perf_counter.c.obj
LOAD CMakeFiles/px4io-v2.dir/mixer.cpp.obj
LOAD CMakeFiles/px4io-v2.dir/__/systemlib/mixer/mixer.cpp.obj
LOAD CMakeFiles/px4io-v2.dir/__/systemlib/mixer/mixer_group.cpp.obj
LOAD CMakeFiles/px4io-v2.dir/__/systemlib/mixer/mixer_multirotor.cpp.obj
LOAD CMakeFiles/px4io-v2.dir/__/systemlib/mixer/mixer_simple.cpp.obj
LOAD CMakeFiles/px4io-v2.dir/__/systemlib/pwm_limit/pwm_limit.c.obj
LOAD CMakeFiles/px4io-v2.dir/__/__/lib/rc/st24.c.obj
LOAD CMakeFiles/px4io-v2.dir/__/__/lib/rc/sumd.c.obj
LOAD CMakeFiles/px4io-v2.dir/__/__/lib/rc/sbus.c.obj
LOAD CMakeFiles/px4io-v2.dir/__/__/lib/rc/dsm.c.obj
LOAD CMakeFiles/px4io-v2.dir/__/__/lib/rc/srxl.c.obj
LOAD CMakeFiles/px4io-v2.dir/__/__/drivers/stm32/drv_hrt.c.obj
LOAD CMakeFiles/px4io-v2.dir/__/__/drivers/stm32/drv_io_timer.c.obj
LOAD CMakeFiles/px4io-v2.dir/__/__/drivers/stm32/drv_pwm_servo.c.obj
LOAD CMakeFiles/px4io-v2.dir/__/__/drivers/boards/px4io-v2/px4io_init.c.obj
LOAD CMakeFiles/px4io-v2.dir/__/__/drivers/boards/px4io-v2/px4io_timer_config.c.obj
LOAD CMakeFiles/px4io-v2.dir/serial.c.obj
LOAD CMakeFiles/px4io-v2.dir/__/systemlib/hx_stream.c.obj
START GROUP
LOAD /home/beatrice/Licenta_FisiereComplete/ardupilot/build/px4-v3/modules/PX4Firmware/px4io-v2/NuttX/nuttx-export/libs/libapps.a
LOAD /home/beatrice/Licenta_FisiereComplete/ardupilot/build/px4-v3/modules/PX4Firmware/px4io-v2/NuttX/nuttx-export/libs/libnuttx.a
LOAD /opt/gcc-arm-none-eabi-6-2017-q2-update/bin/../lib/gcc/arm-none-eabi/6.3.1/../../../../arm-none-eabi/lib/thumb/v7-m/libnosys.a
LOAD /opt/gcc-arm-none-eabi-6-2017-q2-update/bin/../lib/gcc/arm-none-eabi/6.3.1/../../../../arm-none-eabi/lib/thumb/v7-m/libm.a
LOAD /opt/gcc-arm-none-eabi-6-2017-q2-update/bin/../lib/gcc/arm-none-eabi/6.3.1/thumb/v7-m/libgcc.a
END GROUP

.text           0x0000000008001000     0x9aac
                0x0000000008001000                _stext = ABSOLUTE (.)
 *(.vectors)
 .vectors       0x0000000008001000      0x134 /home/beatrice/Licenta_FisiereComplete/ardupilot/build/px4-v3/modules/PX4Firmware/px4io-v2/NuttX/nuttx-export/libs/libnuttx.a(arch-up_vectors.o)
                0x0000000008001000                _vectors
 *(.text .text.*)
 .text.adc_init
                0x0000000008001134       0x88 CMakeFiles/px4io-v2.dir/adc.c.obj
                0x0000000008001134                adc_init
 .text.adc_measure
                0x00000000080011bc       0x78 CMakeFiles/px4io-v2.dir/adc.c.obj
                0x00000000080011bc                adc_measure
 .text.controls_init
                0x0000000008001234       0x90 CMakeFiles/px4io-v2.dir/controls.c.obj
                0x0000000008001234                controls_init
 .text.controls_tick
                0x00000000080012c4      0x708 CMakeFiles/px4io-v2.dir/controls.c.obj
                0x00000000080012c4                controls_tick
 .text.isr_debug
                0x00000000080019cc       0x4c CMakeFiles/px4io-v2.dir/px4io.c.obj
                0x00000000080019cc                isr_debug
 .text.schedule_reboot
                0x0000000008001a18       0x1c CMakeFiles/px4io-v2.dir/px4io.c.obj
                0x0000000008001a18                schedule_reboot
 .text.user_start
                0x0000000008001a34      0x310 CMakeFiles/px4io-v2.dir/px4io.c.obj
                0x0000000008001a34                user_start
 .text.pwm_configure_rates
                0x0000000008001d44       0x70 CMakeFiles/px4io-v2.dir/registers.c.obj
 .text.registers_set
                0x0000000008001db4      0x604 CMakeFiles/px4io-v2.dir/registers.c.obj
                0x0000000008001db4                registers_set
 .text.registers_get
                0x00000000080023b8      0x190 CMakeFiles/px4io-v2.dir/registers.c.obj
                0x00000000080023b8                registers_get
 .text.safety_check_button
                0x0000000008002548       0xc8 CMakeFiles/px4io-v2.dir/safety.c.obj
 .text.failsafe_blink
                0x0000000008002610       0x38 CMakeFiles/px4io-v2.dir/safety.c.obj
 .text.safety_init
                0x0000000008002648       0x30 CMakeFiles/px4io-v2.dir/safety.c.obj
                0x0000000008002648                safety_init
 .text.failsafe_led_init
                0x0000000008002678       0x30 CMakeFiles/px4io-v2.dir/safety.c.obj
                0x0000000008002678                failsafe_led_init
 .text.up_cxxinitialize
                0x00000000080026a8       0x30 CMakeFiles/px4io-v2.dir/__/systemlib/up_cxxinitialize.c.obj
                0x00000000080026a8                up_cxxinitialize
 .text.perf_count
                0x00000000080026d8       0xf8 CMakeFiles/px4io-v2.dir/__/systemlib/perf_counter.c.obj
                0x00000000080026d8                perf_count
 .text.perf_begin
                0x00000000080027d0       0x16 CMakeFiles/px4io-v2.dir/__/systemlib/perf_counter.c.obj
                0x00000000080027d0                perf_begin
 *fill*         0x00000000080027e6        0x2 
 .text.perf_end
                0x00000000080027e8       0xd8 CMakeFiles/px4io-v2.dir/__/systemlib/perf_counter.c.obj
                0x00000000080027e8                perf_end
 .text._ZL14mixer_callbackjhhRf
                0x00000000080028c0      0x164 CMakeFiles/px4io-v2.dir/mixer.cpp.obj
 .text.mixer_handle_text
                0x0000000008002a24      0x10c CMakeFiles/px4io-v2.dir/mixer.cpp.obj
                0x0000000008002a24                mixer_handle_text
 .text.startup._GLOBAL__sub_I_mixer_tick
                0x0000000008002b30       0x2c CMakeFiles/px4io-v2.dir/mixer.cpp.obj
 .text.mixer_tick
                0x0000000008002b5c      0x408 CMakeFiles/px4io-v2.dir/mixer.cpp.obj
                0x0000000008002b5c                mixer_tick
 .text.mixer_set_failsafe
                0x0000000008002f64       0x7c CMakeFiles/px4io-v2.dir/mixer.cpp.obj
                0x0000000008002f64                mixer_set_failsafe
 .text._ZN9NullMixerD2Ev
                0x0000000008002fe0        0x2 CMakeFiles/px4io-v2.dir/__/systemlib/mixer/mixer.cpp.obj
                0x0000000008002fe0                NullMixer::~NullMixer()
                0x0000000008002fe0                NullMixer::~NullMixer()
 .text._ZN9NullMixer3mixEPfjPt
                0x0000000008002fe2        0xc CMakeFiles/px4io-v2.dir/__/systemlib/mixer/mixer.cpp.obj
                0x0000000008002fe2                NullMixer::mix(float*, unsigned int, unsigned short*)
 .text._ZN9NullMixer15groups_requiredERj
                0x0000000008002fee        0x2 CMakeFiles/px4io-v2.dir/__/systemlib/mixer/mixer.cpp.obj
                0x0000000008002fee                NullMixer::groups_required(unsigned int&)
 .text._ZN9NullMixerD0Ev
                0x0000000008002ff0        0xc CMakeFiles/px4io-v2.dir/__/systemlib/mixer/mixer.cpp.obj
                0x0000000008002ff0                NullMixer::~NullMixer()
 .text._ZN5MixerC2EPFijhhRfEj
                0x0000000008002ffc       0x14 CMakeFiles/px4io-v2.dir/__/systemlib/mixer/mixer.cpp.obj
                0x0000000008002ffc                Mixer::Mixer(int (*)(unsigned int, unsigned char, unsigned char, float&), unsigned int)
                0x0000000008002ffc                Mixer::Mixer(int (*)(unsigned int, unsigned char, unsigned char, float&), unsigned int)
 .text._ZN5Mixer5scaleERK14mixer_scaler_sf
                0x0000000008003010       0x40 CMakeFiles/px4io-v2.dir/__/systemlib/mixer/mixer.cpp.obj
                0x0000000008003010                Mixer::scale(mixer_scaler_s const&, float)
 .text._ZN5Mixer7findtagEPKcRjc
                0x0000000008003050       0x24 CMakeFiles/px4io-v2.dir/__/systemlib/mixer/mixer.cpp.obj
                0x0000000008003050                Mixer::findtag(char const*, unsigned int&, char)
 .text._ZN5Mixer8skiplineEPKcRj
                0x0000000008003074       0x2a CMakeFiles/px4io-v2.dir/__/systemlib/mixer/mixer.cpp.obj
                0x0000000008003074                Mixer::skipline(char const*, unsigned int&)
 *fill*         0x000000000800309e        0x2 
 .text._ZN9NullMixer9from_textEPKcRj
                0x00000000080030a0       0x5c CMakeFiles/px4io-v2.dir/__/systemlib/mixer/mixer.cpp.obj
                0x00000000080030a0                NullMixer::from_text(char const*, unsigned int&)
 .text._ZN10MixerGroup3mixEPfjPt
                0x00000000080030fc       0x30 CMakeFiles/px4io-v2.dir/__/systemlib/mixer/mixer_group.cpp.obj
                0x00000000080030fc                MixerGroup::mix(float*, unsigned int, unsigned short*)
 .text._ZN10MixerGroup15groups_requiredERj
                0x000000000800312c       0x18 CMakeFiles/px4io-v2.dir/__/systemlib/mixer/mixer_group.cpp.obj
                0x000000000800312c                MixerGroup::groups_required(unsigned int&)
 .text._ZN10MixerGroupC2EPFijhhRfEj
                0x0000000008003144       0x18 CMakeFiles/px4io-v2.dir/__/systemlib/mixer/mixer_group.cpp.obj
                0x0000000008003144                MixerGroup::MixerGroup(int (*)(unsigned int, unsigned char, unsigned char, float&), unsigned int)
                0x0000000008003144                MixerGroup::MixerGroup(int (*)(unsigned int, unsigned char, unsigned char, float&), unsigned int)
 .text._ZN10MixerGroup9add_mixerEP5Mixer
                0x000000000800315c       0x14 CMakeFiles/px4io-v2.dir/__/systemlib/mixer/mixer_group.cpp.obj
                0x000000000800315c                MixerGroup::add_mixer(Mixer*)
 .text._ZN10MixerGroup5resetEv
                0x0000000008003170       0x16 CMakeFiles/px4io-v2.dir/__/systemlib/mixer/mixer_group.cpp.obj
                0x0000000008003170                MixerGroup::reset()
 *fill*         0x0000000008003186        0x2 
 .text._ZN10MixerGroupD2Ev
                0x0000000008003188       0x14 CMakeFiles/px4io-v2.dir/__/systemlib/mixer/mixer_group.cpp.obj
                0x0000000008003188                MixerGroup::~MixerGroup()
                0x0000000008003188                MixerGroup::~MixerGroup()
 .text._ZN10MixerGroupD0Ev
                0x000000000800319c       0x12 CMakeFiles/px4io-v2.dir/__/systemlib/mixer/mixer_group.cpp.obj
                0x000000000800319c                MixerGroup::~MixerGroup()
 .text._ZN10MixerGroup13load_from_bufEPKcRj
                0x00000000080031ae       0x5c CMakeFiles/px4io-v2.dir/__/systemlib/mixer/mixer_group.cpp.obj
                0x00000000080031ae                MixerGroup::load_from_buf(char const*, unsigned int&)
 .text._ZN11SimpleMixer15groups_requiredERj
                0x000000000800320a       0x26 CMakeFiles/px4io-v2.dir/__/systemlib/mixer/mixer_simple.cpp.obj
                0x000000000800320a                SimpleMixer::groups_required(unsigned int&)
 .text._ZN11SimpleMixerD2Ev
                0x0000000008003230       0x18 CMakeFiles/px4io-v2.dir/__/systemlib/mixer/mixer_simple.cpp.obj
                0x0000000008003230                SimpleMixer::~SimpleMixer()
                0x0000000008003230                SimpleMixer::~SimpleMixer()
 .text._ZN11SimpleMixerD0Ev
                0x0000000008003248       0x12 CMakeFiles/px4io-v2.dir/__/systemlib/mixer/mixer_simple.cpp.obj
                0x0000000008003248                SimpleMixer::~SimpleMixer()
 .text._ZN11SimpleMixer3mixEPfjPt
                0x000000000800325a       0x66 CMakeFiles/px4io-v2.dir/__/systemlib/mixer/mixer_simple.cpp.obj
                0x000000000800325a                SimpleMixer::mix(float*, unsigned int, unsigned short*)
 .text._ZN11SimpleMixer19parse_output_scalerEPKcRjR14mixer_scaler_s
                0x00000000080032c0       0xa4 CMakeFiles/px4io-v2.dir/__/systemlib/mixer/mixer_simple.cpp.obj
                0x00000000080032c0                SimpleMixer::parse_output_scaler(char const*, unsigned int&, mixer_scaler_s&)
 .text._ZN11SimpleMixer20parse_control_scalerEPKcRjR14mixer_scaler_sRhS5_
                0x0000000008003364       0xac CMakeFiles/px4io-v2.dir/__/systemlib/mixer/mixer_simple.cpp.obj
                0x0000000008003364                SimpleMixer::parse_control_scaler(char const*, unsigned int&, mixer_scaler_s&, unsigned char&, unsigned char&)
 .text._ZN11SimpleMixer9from_textEPFijhhRfEjPKcRj
                0x0000000008003410       0xb0 CMakeFiles/px4io-v2.dir/__/systemlib/mixer/mixer_simple.cpp.obj
                0x0000000008003410                SimpleMixer::from_text(int (*)(unsigned int, unsigned char, unsigned char, float&), unsigned int, char const*, unsigned int&)
 .text.pwm_limit_init
                0x00000000080034c0        0xe CMakeFiles/px4io-v2.dir/__/systemlib/pwm_limit/pwm_limit.c.obj
                0x00000000080034c0                pwm_limit_init
 *fill*         0x00000000080034ce        0x2 
 .text.pwm_limit_calc
                0x00000000080034d0      0x208 CMakeFiles/px4io-v2.dir/__/systemlib/pwm_limit/pwm_limit.c.obj
                0x00000000080034d0                pwm_limit_calc
 .text.st24_common_crc8
                0x00000000080036d8       0x3a CMakeFiles/px4io-v2.dir/__/__/lib/rc/st24.c.obj
                0x00000000080036d8                st24_common_crc8
 *fill*         0x0000000008003712        0x2 
 .text.st24_decode
                0x0000000008003714      0x1fc CMakeFiles/px4io-v2.dir/__/__/lib/rc/st24.c.obj
                0x0000000008003714                st24_decode
 .text.sumd_crc16
                0x0000000008003910       0x1e CMakeFiles/px4io-v2.dir/__/__/lib/rc/sumd.c.obj
                0x0000000008003910                sumd_crc16
 *fill*         0x000000000800392e        0x2 
 .text.sumd_decode
                0x0000000008003930      0x39c CMakeFiles/px4io-v2.dir/__/__/lib/rc/sumd.c.obj
                0x0000000008003930                sumd_decode
 .text.sbus_config
                0x0000000008003ccc       0x64 CMakeFiles/px4io-v2.dir/__/__/lib/rc/sbus.c.obj
                0x0000000008003ccc                sbus_config
 .text.sbus_init
                0x0000000008003d30       0x1e CMakeFiles/px4io-v2.dir/__/__/lib/rc/sbus.c.obj
                0x0000000008003d30                sbus_init
 *fill*         0x0000000008003d4e        0x2 
 .text.sbus1_output
                0x0000000008003d50      0x100 CMakeFiles/px4io-v2.dir/__/__/lib/rc/sbus.c.obj
                0x0000000008003d50                sbus1_output
 .text.sbus2_output
                0x0000000008003e50        0x4 CMakeFiles/px4io-v2.dir/__/__/lib/rc/sbus.c.obj
                0x0000000008003e50                sbus2_output
 .text.sbus_parse
                0x0000000008003e54      0x260 CMakeFiles/px4io-v2.dir/__/__/lib/rc/sbus.c.obj
                0x0000000008003e54                sbus_parse
 .text.sbus_input
                0x00000000080040b4       0x58 CMakeFiles/px4io-v2.dir/__/__/lib/rc/sbus.c.obj
                0x00000000080040b4                sbus_input
 .text.sbus1_set_output_rate_hz
                0x000000000800410c       0x24 CMakeFiles/px4io-v2.dir/__/__/lib/rc/sbus.c.obj
                0x000000000800410c                sbus1_set_output_rate_hz
 .text.dsm_config
                0x0000000008004130       0x80 CMakeFiles/px4io-v2.dir/__/__/lib/rc/dsm.c.obj
                0x0000000008004130                dsm_config
 .text.dsm_init
                0x00000000080041b0       0x4c CMakeFiles/px4io-v2.dir/__/__/lib/rc/dsm.c.obj
                0x00000000080041b0                dsm_init
 .text.dsm_bind
                0x00000000080041fc       0x9c CMakeFiles/px4io-v2.dir/__/__/lib/rc/dsm.c.obj
                0x00000000080041fc                dsm_bind
 .text.dsm_parse
                0x0000000008004298      0x39c CMakeFiles/px4io-v2.dir/__/__/lib/rc/dsm.c.obj
                0x0000000008004298                dsm_parse
 .text.dsm_input
                0x0000000008004634       0x5c CMakeFiles/px4io-v2.dir/__/__/lib/rc/dsm.c.obj
                0x0000000008004634                dsm_input
 .text.srxl_channels_get_v1v2
                0x0000000008004690       0x70 CMakeFiles/px4io-v2.dir/__/__/lib/rc/srxl.c.obj
 .text.srxl_decode
                0x0000000008004700      0x248 CMakeFiles/px4io-v2.dir/__/__/lib/rc/srxl.c.obj
                0x0000000008004700                srxl_decode
 .text.hrt_absolute_time
                0x0000000008004948       0x48 CMakeFiles/px4io-v2.dir/__/__/drivers/stm32/drv_hrt.c.obj
                0x0000000008004948                hrt_absolute_time
 .text.hrt_call_reschedule
                0x0000000008004990       0x54 CMakeFiles/px4io-v2.dir/__/__/drivers/stm32/drv_hrt.c.obj
 .text.hrt_call_enter
                0x00000000080049e4       0x4c CMakeFiles/px4io-v2.dir/__/__/drivers/stm32/drv_hrt.c.obj
 .text.hrt_call_internal
                0x0000000008004a30       0x4c CMakeFiles/px4io-v2.dir/__/__/drivers/stm32/drv_hrt.c.obj
 .text.hrt_tim_isr
                0x0000000008004a7c      0x1e8 CMakeFiles/px4io-v2.dir/__/__/drivers/stm32/drv_hrt.c.obj
 .text.hrt_elapsed_time
                0x0000000008004c64       0x22 CMakeFiles/px4io-v2.dir/__/__/drivers/stm32/drv_hrt.c.obj
                0x0000000008004c64                hrt_elapsed_time
 *fill*         0x0000000008004c86        0x2 
 .text.hrt_init
                0x0000000008004c88       0x84 CMakeFiles/px4io-v2.dir/__/__/drivers/stm32/drv_hrt.c.obj
                0x0000000008004c88                hrt_init
 .text.hrt_call_every
                0x0000000008004d0c       0x32 CMakeFiles/px4io-v2.dir/__/__/drivers/stm32/drv_hrt.c.obj
                0x0000000008004d0c                hrt_call_every
 *fill*         0x0000000008004d3e        0x2 
 .text.io_timer_handler
                0x0000000008004d40       0xe0 CMakeFiles/px4io-v2.dir/__/__/drivers/stm32/drv_io_timer.c.obj
 .text.get_timer_channels
                0x0000000008004e20       0x34 CMakeFiles/px4io-v2.dir/__/__/drivers/stm32/drv_io_timer.c.obj
 .text.io_timer_handler0
                0x0000000008004e54        0x6 CMakeFiles/px4io-v2.dir/__/__/drivers/stm32/drv_io_timer.c.obj
                0x0000000008004e54                io_timer_handler0
 .text.io_timer_handler1
                0x0000000008004e5a        0x6 CMakeFiles/px4io-v2.dir/__/__/drivers/stm32/drv_io_timer.c.obj
                0x0000000008004e5a                io_timer_handler1
 .text.io_timer_handler2
                0x0000000008004e60        0x6 CMakeFiles/px4io-v2.dir/__/__/drivers/stm32/drv_io_timer.c.obj
                0x0000000008004e60                io_timer_handler2
 *fill*         0x0000000008004e66        0x2 
 .text.io_timer_validate_channel_index
                0x0000000008004e68       0x3c CMakeFiles/px4io-v2.dir/__/__/drivers/stm32/drv_io_timer.c.obj
                0x0000000008004e68                io_timer_validate_channel_index
 .text.io_timer_is_channel_free
                0x0000000008004ea4       0x20 CMakeFiles/px4io-v2.dir/__/__/drivers/stm32/drv_io_timer.c.obj
                0x0000000008004ea4                io_timer_is_channel_free
 .text.io_timer_get_mode_channels
                0x0000000008004ec4       0x14 CMakeFiles/px4io-v2.dir/__/__/drivers/stm32/drv_io_timer.c.obj
                0x0000000008004ec4                io_timer_get_mode_channels
 .text.io_timer_get_channel_mode
                0x0000000008004ed8       0x24 CMakeFiles/px4io-v2.dir/__/__/drivers/stm32/drv_io_timer.c.obj
                0x0000000008004ed8                io_timer_get_channel_mode
 .text.io_timer_set_rate
                0x0000000008004efc       0x34 CMakeFiles/px4io-v2.dir/__/__/drivers/stm32/drv_io_timer.c.obj
                0x0000000008004efc                io_timer_set_rate
 .text.io_timer_set_clock
                0x0000000008004f30       0x38 CMakeFiles/px4io-v2.dir/__/__/drivers/stm32/drv_io_timer.c.obj
                0x0000000008004f30                io_timer_set_clock
 .text.io_timer_channel_init
                0x0000000008004f68      0x1f8 CMakeFiles/px4io-v2.dir/__/__/drivers/stm32/drv_io_timer.c.obj
                0x0000000008004f68                io_timer_channel_init
 .text.io_timer_set_enable
                0x0000000008005160      0x19c CMakeFiles/px4io-v2.dir/__/__/drivers/stm32/drv_io_timer.c.obj
                0x0000000008005160                io_timer_set_enable
 .text.io_timer_free_channel
                0x00000000080052fc       0x54 CMakeFiles/px4io-v2.dir/__/__/drivers/stm32/drv_io_timer.c.obj
                0x00000000080052fc                io_timer_free_channel
 .text.io_timer_set_ccr
                0x0000000008005350       0x44 CMakeFiles/px4io-v2.dir/__/__/drivers/stm32/drv_io_timer.c.obj
                0x0000000008005350                io_timer_set_ccr
 .text.io_timer_get_group
                0x0000000008005394        0x4 CMakeFiles/px4io-v2.dir/__/__/drivers/stm32/drv_io_timer.c.obj
                0x0000000008005394                io_timer_get_group
 .text.io_timer_pwm_trigger
                0x0000000008005398       0x44 CMakeFiles/px4io-v2.dir/__/__/drivers/stm32/drv_io_timer.c.obj
                0x0000000008005398                io_timer_pwm_trigger
 .text.up_pwm_servo_set
                0x00000000080053dc        0x4 CMakeFiles/px4io-v2.dir/__/__/drivers/stm32/drv_pwm_servo.c.obj
                0x00000000080053dc                up_pwm_servo_set
 .text.up_pwm_servo_trigger
                0x00000000080053e0        0x4 CMakeFiles/px4io-v2.dir/__/__/drivers/stm32/drv_pwm_servo.c.obj
                0x00000000080053e0                up_pwm_servo_trigger
 .text.up_pwm_servo_init
                0x00000000080053e4       0x6c CMakeFiles/px4io-v2.dir/__/__/drivers/stm32/drv_pwm_servo.c.obj
                0x00000000080053e4                up_pwm_servo_init
 .text.up_pwm_servo_set_rate_group_update
                0x0000000008005450       0x30 CMakeFiles/px4io-v2.dir/__/__/drivers/stm32/drv_pwm_servo.c.obj
                0x0000000008005450                up_pwm_servo_set_rate_group_update
 .text.up_pwm_servo_set_rate_group_clock
                0x0000000008005480        0xa CMakeFiles/px4io-v2.dir/__/__/drivers/stm32/drv_pwm_servo.c.obj
                0x0000000008005480                up_pwm_servo_set_rate_group_clock
 .text.up_pwm_servo_get_rate_group
                0x000000000800548a        0x4 CMakeFiles/px4io-v2.dir/__/__/drivers/stm32/drv_pwm_servo.c.obj
                0x000000000800548a                up_pwm_servo_get_rate_group
 .text.up_pwm_servo_arm
                0x000000000800548e        0x8 CMakeFiles/px4io-v2.dir/__/__/drivers/stm32/drv_pwm_servo.c.obj
                0x000000000800548e                up_pwm_servo_arm
 .text.stm32_boardinitialize
                0x0000000008005496      0x120 CMakeFiles/px4io-v2.dir/__/__/drivers/boards/px4io-v2/px4io_init.c.obj
                0x0000000008005496                stm32_boardinitialize
 *fill*         0x00000000080055b6        0x2 
 .text.dma_reset
                0x00000000080055b8       0x6c CMakeFiles/px4io-v2.dir/serial.c.obj
 .text.rx_dma_callback
                0x0000000008005624      0x144 CMakeFiles/px4io-v2.dir/serial.c.obj
 .text.serial_interrupt
                0x0000000008005768       0xd0 CMakeFiles/px4io-v2.dir/serial.c.obj
 .text.interface_init
                0x0000000008005838       0xcc CMakeFiles/px4io-v2.dir/serial.c.obj
                0x0000000008005838                interface_init
 .text.irq_attach
                0x0000000008005904       0x38 /home/beatrice/Licenta_FisiereComplete/ardupilot/build/px4-v3/modules/PX4Firmware/px4io-v2/NuttX/nuttx-export/libs/libnuttx.a(sched-irq_attach.o)
                0x0000000008005904                irq_attach
 .text.irq_initialize
                0x000000000800593c       0x1c /home/beatrice/Licenta_FisiereComplete/ardupilot/build/px4-v3/modules/PX4Firmware/px4io-v2/NuttX/nuttx-export/libs/libnuttx.a(sched-irq_initialize.o)
                0x000000000800593c                irq_initialize
 .text.irq_unexpected_isr
                0x0000000008005958       0x14 /home/beatrice/Licenta_FisiereComplete/ardupilot/build/px4-v3/modules/PX4Firmware/px4io-v2/NuttX/nuttx-export/libs/libnuttx.a(sched-irq_unexpectedisr.o)
                0x0000000008005958                irq_unexpected_isr
 .text.abort    0x000000000800596c        0x8 /home/beatrice/Licenta_FisiereComplete/ardupilot/build/px4-v3/modules/PX4Firmware/px4io-v2/NuttX/nuttx-export/libs/libnuttx.a(c-lib_abort.o)
                0x000000000800596c                abort
 .text.cfsetspeed
                0x0000000008005974        0x6 /home/beatrice/Licenta_FisiereComplete/ardupilot/build/px4-v3/modules/PX4Firmware/px4io-v2/NuttX/nuttx-export/libs/libnuttx.a(c-lib_cfsetspeed.o)
                0x0000000008005974                cfsetspeed
 *fill*         0x000000000800597a        0x2 
 .text.crc32part
                0x000000000800597c       0x24 /home/beatrice/Licenta_FisiereComplete/ardupilot/build/px4-v3/modules/PX4Firmware/px4io-v2/NuttX/nuttx-export/libs/libnuttx.a(c-lib_crc32.o)
                0x000000000800597c                crc32part
 .text.lowvsyslog
                0x00000000080059a0       0x1a /home/beatrice/Licenta_FisiereComplete/ardupilot/build/px4-v3/modules/PX4Firmware/px4io-v2/NuttX/nuttx-export/libs/libnuttx.a(c-lib_lowsyslog.o)
                0x00000000080059a0                lowvsyslog
 .text.lowsyslog
                0x00000000080059ba       0x1a /home/beatrice/Licenta_FisiereComplete/ardupilot/build/px4-v3/modules/PX4Firmware/px4io-v2/NuttX/nuttx-export/libs/libnuttx.a(c-lib_lowsyslog.o)
                0x00000000080059ba                lowsyslog
 .text.memchr   0x00000000080059d4       0x1c /home/beatrice/Licenta_FisiereComplete/ardupilot/build/px4-v3/modules/PX4Firmware/px4io-v2/NuttX/nuttx-export/libs/libnuttx.a(c-lib_memchr.o)
                0x00000000080059d4                memchr
 .text.memcpy   0x00000000080059f0       0x16 /home/beatrice/Licenta_FisiereComplete/ardupilot/build/px4-v3/modules/PX4Firmware/px4io-v2/NuttX/nuttx-export/libs/libnuttx.a(c-lib_memcpy.o)
                0x00000000080059f0                memcpy
 .text.memset   0x0000000008005a06       0x10 /home/beatrice/Licenta_FisiereComplete/ardupilot/build/px4-v3/modules/PX4Firmware/px4io-v2/NuttX/nuttx-export/libs/libnuttx.a(c-lib_memset.o)
                0x0000000008005a06                memset
 .text.printf   0x0000000008005a16       0x1a /home/beatrice/Licenta_FisiereComplete/ardupilot/build/px4-v3/modules/PX4Firmware/px4io-v2/NuttX/nuttx-export/libs/libnuttx.a(c-lib_printf.o)
                0x0000000008005a16                printf
 .text.findwidth
                0x0000000008005a30       0x34 /home/beatrice/Licenta_FisiereComplete/ardupilot/build/px4-v3/modules/PX4Firmware/px4io-v2/NuttX/nuttx-export/libs/libnuttx.a(c-lib_sscanf.o)
 .text.vsscanf  0x0000000008005a64      0x30c /home/beatrice/Licenta_FisiereComplete/ardupilot/build/px4-v3/modules/PX4Firmware/px4io-v2/NuttX/nuttx-export/libs/libnuttx.a(c-lib_sscanf.o)
                0x0000000008005a64                vsscanf
 .text.sscanf   0x0000000008005d70       0x1a /home/beatrice/Licenta_FisiereComplete/ardupilot/build/px4-v3/modules/PX4Firmware/px4io-v2/NuttX/nuttx-export/libs/libnuttx.a(c-lib_sscanf.o)
                0x0000000008005d70                sscanf
 .text.strchr   0x0000000008005d8a       0x16 /home/beatrice/Licenta_FisiereComplete/ardupilot/build/px4-v3/modules/PX4Firmware/px4io-v2/NuttX/nuttx-export/libs/libnuttx.a(c-lib_strchr.o)
                0x0000000008005d8a                strchr
 .text.strcspn  0x0000000008005da0       0x1e /home/beatrice/Licenta_FisiereComplete/ardupilot/build/px4-v3/modules/PX4Firmware/px4io-v2/NuttX/nuttx-export/libs/libnuttx.a(c-lib_strcspn.o)
                0x0000000008005da0                strcspn
 .text.strncpy  0x0000000008005dbe       0x24 /home/beatrice/Licenta_FisiereComplete/ardupilot/build/px4-v3/modules/PX4Firmware/px4io-v2/NuttX/nuttx-export/libs/libnuttx.a(c-lib_strncpy.o)
                0x0000000008005dbe                strncpy
 .text.strtol   0x0000000008005de2       0x3c /home/beatrice/Licenta_FisiereComplete/ardupilot/build/px4-v3/modules/PX4Firmware/px4io-v2/NuttX/nuttx-export/libs/libnuttx.a(c-lib_strtol.o)
                0x0000000008005de2                strtol
 .text.strtoul  0x0000000008005e1e       0x48 /home/beatrice/Licenta_FisiereComplete/ardupilot/build/px4-v3/modules/PX4Firmware/px4io-v2/NuttX/nuttx-export/libs/libnuttx.a(c-lib_strtoul.o)
                0x0000000008005e1e                strtoul
 .text.vsyslog  0x0000000008005e66       0x1e /home/beatrice/Licenta_FisiereComplete/ardupilot/build/px4-v3/modules/PX4Firmware/px4io-v2/NuttX/nuttx-export/libs/libnuttx.a(c-lib_syslog.o)
                0x0000000008005e66                vsyslog
 .text.tcgetattr
                0x0000000008005e84        0xa /home/beatrice/Licenta_FisiereComplete/ardupilot/build/px4-v3/modules/PX4Firmware/px4io-v2/NuttX/nuttx-export/libs/libnuttx.a(c-lib_tcgetattr.o)
                0x0000000008005e84                tcgetattr
 .text.tcsetattr
                0x0000000008005e8e       0x10 /home/beatrice/Licenta_FisiereComplete/ardupilot/build/px4-v3/modules/PX4Firmware/px4io-v2/NuttX/nuttx-export/libs/libnuttx.a(c-lib_tcsetattr.o)
                0x0000000008005e8e                tcsetattr
 .text.vsnprintf
                0x0000000008005e9e       0x20 /home/beatrice/Licenta_FisiereComplete/ardupilot/build/px4-v3/modules/PX4Firmware/px4io-v2/NuttX/nuttx-export/libs/libnuttx.a(c-lib_vsnprintf.o)
                0x0000000008005e9e                vsnprintf
 .text.sq_addafter
                0x0000000008005ebe       0x1c /home/beatrice/Licenta_FisiereComplete/ardupilot/build/px4-v3/modules/PX4Firmware/px4io-v2/NuttX/nuttx-export/libs/libnuttx.a(c-sq_addafter.o)
                0x0000000008005ebe                sq_addafter
 .text.sq_addfirst
                0x0000000008005eda        0xe /home/beatrice/Licenta_FisiereComplete/ardupilot/build/px4-v3/modules/PX4Firmware/px4io-v2/NuttX/nuttx-export/libs/libnuttx.a(c-sq_addfirst.o)
                0x0000000008005eda                sq_addfirst
 .text.sq_addlast
                0x0000000008005ee8       0x14 /home/beatrice/Licenta_FisiereComplete/ardupilot/build/px4-v3/modules/PX4Firmware/px4io-v2/NuttX/nuttx-export/libs/libnuttx.a(c-sq_addlast.o)
                0x0000000008005ee8                sq_addlast
 .text.sq_rem   0x0000000008005efc       0x2c /home/beatrice/Licenta_FisiereComplete/ardupilot/build/px4-v3/modules/PX4Firmware/px4io-v2/NuttX/nuttx-export/libs/libnuttx.a(c-sq_rem.o)
                0x0000000008005efc                sq_rem
 .text.free     0x0000000008005f28       0xa8 /home/beatrice/Licenta_FisiereComplete/ardupilot/build/px4-v3/modules/PX4Firmware/px4io-v2/NuttX/nuttx-export/libs/libnuttx.a(mm-mm_free.o)
                0x0000000008005f28                free
 .text.mallinfo
                0x0000000008005fd0       0x5c /home/beatrice/Licenta_FisiereComplete/ardupilot/build/px4-v3/modules/PX4Firmware/px4io-v2/NuttX/nuttx-export/libs/libnuttx.a(mm-mm_mallinfo.o)
                0x0000000008005fd0                mallinfo
 .text.malloc   0x000000000800602c       0x94 /home/beatrice/Licenta_FisiereComplete/ardupilot/build/px4-v3/modules/PX4Firmware/px4io-v2/NuttX/nuttx-export/libs/libnuttx.a(mm-mm_malloc.o)
                0x000000000800602c                malloc
 .text.mm_seminitialize
                0x00000000080060c0       0x18 /home/beatrice/Licenta_FisiereComplete/ardupilot/build/px4-v3/modules/PX4Firmware/px4io-v2/NuttX/nuttx-export/libs/libnuttx.a(mm-mm_sem.o)
                0x00000000080060c0                mm_seminitialize
 .text.mm_trysemaphore
                0x00000000080060d8       0x32 /home/beatrice/Licenta_FisiereComplete/ardupilot/build/px4-v3/modules/PX4Firmware/px4io-v2/NuttX/nuttx-export/libs/libnuttx.a(mm-mm_sem.o)
                0x00000000080060d8                mm_trysemaphore
 *fill*         0x000000000800610a        0x2 
 .text.mm_takesemaphore
                0x000000000800610c       0x40 /home/beatrice/Licenta_FisiereComplete/ardupilot/build/px4-v3/modules/PX4Firmware/px4io-v2/NuttX/nuttx-export/libs/libnuttx.a(mm-mm_sem.o)
                0x000000000800610c                mm_takesemaphore
 .text.mm_givesemaphore
                0x000000000800614c       0x2c /home/beatrice/Licenta_FisiereComplete/ardupilot/build/px4-v3/modules/PX4Firmware/px4io-v2/NuttX/nuttx-export/libs/libnuttx.a(mm-mm_sem.o)
                0x000000000800614c                mm_givesemaphore
 .text.mm_size2ndx
                0x0000000008006178       0x1a /home/beatrice/Licenta_FisiereComplete/ardupilot/build/px4-v3/modules/PX4Firmware/px4io-v2/NuttX/nuttx-export/libs/libnuttx.a(mm-mm_size2ndx.o)
                0x0000000008006178                mm_size2ndx
 *fill*         0x0000000008006192        0x2 
 .text.umm_initialize
                0x0000000008006194       0x10 /home/beatrice/Licenta_FisiereComplete/ardupilot/build/px4-v3/modules/PX4Firmware/px4io-v2/NuttX/nuttx-export/libs/libnuttx.a(mm-mm_user.o)
                0x0000000008006194                umm_initialize
 .text.umm_trysemaphore
                0x00000000080061a4        0xc /home/beatrice/Licenta_FisiereComplete/ardupilot/build/px4-v3/modules/PX4Firmware/px4io-v2/NuttX/nuttx-export/libs/libnuttx.a(mm-mm_user.o)
                0x00000000080061a4                umm_trysemaphore
 .text.umm_givesemaphore
                0x00000000080061b0        0xc /home/beatrice/Licenta_FisiereComplete/ardupilot/build/px4-v3/modules/PX4Firmware/px4io-v2/NuttX/nuttx-export/libs/libnuttx.a(mm-mm_user.o)
                0x00000000080061b0                umm_givesemaphore
 .text.zalloc   0x00000000080061bc       0x18 /home/beatrice/Licenta_FisiereComplete/ardupilot/build/px4-v3/modules/PX4Firmware/px4io-v2/NuttX/nuttx-export/libs/libnuttx.a(mm-mm_zalloc.o)
                0x00000000080061bc                zalloc
 .text.stm32_dmachandisable
                0x00000000080061d4       0x20 /home/beatrice/Licenta_FisiereComplete/ardupilot/build/px4-v3/modules/PX4Firmware/px4io-v2/NuttX/nuttx-export/libs/libnuttx.a(arch-stm32_dma.o)
 .text.stm32_dmainterrupt
                0x00000000080061f4       0x50 /home/beatrice/Licenta_FisiereComplete/ardupilot/build/px4-v3/modules/PX4Firmware/px4io-v2/NuttX/nuttx-export/libs/libnuttx.a(arch-stm32_dma.o)
 .text.up_dmainitialize
                0x0000000008006244       0x3c /home/beatrice/Licenta_FisiereComplete/ardupilot/build/px4-v3/modules/PX4Firmware/px4io-v2/NuttX/nuttx-export/libs/libnuttx.a(arch-stm32_dma.o)
                0x0000000008006244                up_dmainitialize
 .text.stm32_dmachannel
                0x0000000008006280       0x34 /home/beatrice/Licenta_FisiereComplete/ardupilot/build/px4-v3/modules/PX4Firmware/px4io-v2/NuttX/nuttx-export/libs/libnuttx.a(arch-stm32_dma.o)
                0x0000000008006280                stm32_dmachannel
 .text.stm32_dmafree
                0x00000000080062b4        0x6 /home/beatrice/Licenta_FisiereComplete/ardupilot/build/px4-v3/modules/PX4Firmware/px4io-v2/NuttX/nuttx-export/libs/libnuttx.a(arch-stm32_dma.o)
                0x00000000080062b4                stm32_dmafree
 .text.stm32_dmasetup
                0x00000000080062ba       0x2a /home/beatrice/Licenta_FisiereComplete/ardupilot/build/px4-v3/modules/PX4Firmware/px4io-v2/NuttX/nuttx-export/libs/libnuttx.a(arch-stm32_dma.o)
                0x00000000080062ba                stm32_dmasetup
 .text.stm32_dmastart
                0x00000000080062e4       0x28 /home/beatrice/Licenta_FisiereComplete/ardupilot/build/px4-v3/modules/PX4Firmware/px4io-v2/NuttX/nuttx-export/libs/libnuttx.a(arch-stm32_dma.o)
                0x00000000080062e4                stm32_dmastart
 .text.stm32_dmastop
                0x000000000800630c        0x4 /home/beatrice/Licenta_FisiereComplete/ardupilot/build/px4-v3/modules/PX4Firmware/px4io-v2/NuttX/nuttx-export/libs/libnuttx.a(arch-stm32_dma.o)
                0x000000000800630c                stm32_dmastop
 .text.stm32_dmaresidual
                0x0000000008006310        0x6 /home/beatrice/Licenta_FisiereComplete/ardupilot/build/px4-v3/modules/PX4Firmware/px4io-v2/NuttX/nuttx-export/libs/libnuttx.a(arch-stm32_dma.o)
                0x0000000008006310                stm32_dmaresidual
 *fill*         0x0000000008006316        0x2 
 .text.stm32_gpioinit
                0x0000000008006318       0x10 /home/beatrice/Licenta_FisiereComplete/ardupilot/build/px4-v3/modules/PX4Firmware/px4io-v2/NuttX/nuttx-export/libs/libnuttx.a(arch-stm32_gpio.o)
                0x0000000008006318                stm32_gpioinit
 .text.stm32_configgpio
                0x0000000008006328       0xcc /home/beatrice/Licenta_FisiereComplete/ardupilot/build/px4-v3/modules/PX4Firmware/px4io-v2/NuttX/nuttx-export/libs/libnuttx.a(arch-stm32_gpio.o)
                0x0000000008006328                stm32_configgpio
 .text.stm32_gpiowrite
                0x00000000080063f4       0x2c /home/beatrice/Licenta_FisiereComplete/ardupilot/build/px4-v3/modules/PX4Firmware/px4io-v2/NuttX/nuttx-export/libs/libnuttx.a(arch-stm32_gpio.o)
                0x00000000080063f4                stm32_gpiowrite
 .text.stm32_gpioread
                0x0000000008006420       0x2c /home/beatrice/Licenta_FisiereComplete/ardupilot/build/px4-v3/modules/PX4Firmware/px4io-v2/NuttX/nuttx-export/libs/libnuttx.a(arch-stm32_gpio.o)
                0x0000000008006420                stm32_gpioread
 .text.stm32_irqinfo
                0x000000000800644c       0x6c /home/beatrice/Licenta_FisiereComplete/ardupilot/build/px4-v3/modules/PX4Firmware/px4io-v2/NuttX/nuttx-export/libs/libnuttx.a(arch-stm32_irq.o)
 .text.up_irqinitialize
                0x00000000080064b8       0x64 /home/beatrice/Licenta_FisiereComplete/ardupilot/build/px4-v3/modules/PX4Firmware/px4io-v2/NuttX/nuttx-export/libs/libnuttx.a(arch-stm32_irq.o)
                0x00000000080064b8                up_irqinitialize
 .text.up_disable_irq
                0x000000000800651c       0x1e /home/beatrice/Licenta_FisiereComplete/ardupilot/build/px4-v3/modules/PX4Firmware/px4io-v2/NuttX/nuttx-export/libs/libnuttx.a(arch-stm32_irq.o)
                0x000000000800651c                up_disable_irq
 .text.up_enable_irq
                0x000000000800653a       0x1c /home/beatrice/Licenta_FisiereComplete/ardupilot/build/px4-v3/modules/PX4Firmware/px4io-v2/NuttX/nuttx-export/libs/libnuttx.a(arch-stm32_irq.o)
                0x000000000800653a                up_enable_irq
 .text.up_maskack_irq
                0x0000000008006556        0x4 /home/beatrice/Licenta_FisiereComplete/ardupilot/build/px4-v3/modules/PX4Firmware/px4io-v2/NuttX/nuttx-export/libs/libnuttx.a(arch-stm32_irq.o)
                0x0000000008006556                up_maskack_irq
 .text.up_restoreusartint
                0x000000000800655a       0x26 /home/beatrice/Licenta_FisiereComplete/ardupilot/build/px4-v3/modules/PX4Firmware/px4io-v2/NuttX/nuttx-export/libs/libnuttx.a(arch-stm32_serial.o)
 .text.up_set_format
                0x0000000008006580       0x72 /home/beatrice/Licenta_FisiereComplete/ardupilot/build/px4-v3/modules/PX4Firmware/px4io-v2/NuttX/nuttx-export/libs/libnuttx.a(arch-stm32_serial.o)
 .text.up_shutdown
                0x00000000080065f2       0x1c /home/beatrice/Licenta_FisiereComplete/ardupilot/build/px4-v3/modules/PX4Firmware/px4io-v2/NuttX/nuttx-export/libs/libnuttx.a(arch-stm32_serial.o)
 .text.up_receive
                0x000000000800660e       0x16 /home/beatrice/Licenta_FisiereComplete/ardupilot/build/px4-v3/modules/PX4Firmware/px4io-v2/NuttX/nuttx-export/libs/libnuttx.a(arch-stm32_serial.o)
 .text.up_rxint
                0x0000000008006624       0x2a /home/beatrice/Licenta_FisiereComplete/ardupilot/build/px4-v3/modules/PX4Firmware/px4io-v2/NuttX/nuttx-export/libs/libnuttx.a(arch-stm32_serial.o)
 .text.up_rxavailable
                0x000000000800664e        0xc /home/beatrice/Licenta_FisiereComplete/ardupilot/build/px4-v3/modules/PX4Firmware/px4io-v2/NuttX/nuttx-export/libs/libnuttx.a(arch-stm32_serial.o)
 .text.up_dma_rxint
                0x000000000800665a        0x8 /home/beatrice/Licenta_FisiereComplete/ardupilot/build/px4-v3/modules/PX4Firmware/px4io-v2/NuttX/nuttx-export/libs/libnuttx.a(arch-stm32_serial.o)
 .text.up_send  0x0000000008006662        0x8 /home/beatrice/Licenta_FisiereComplete/ardupilot/build/px4-v3/modules/PX4Firmware/px4io-v2/NuttX/nuttx-export/libs/libnuttx.a(arch-stm32_serial.o)
 .text.up_txready
                0x000000000800666a        0xc /home/beatrice/Licenta_FisiereComplete/ardupilot/build/px4-v3/modules/PX4Firmware/px4io-v2/NuttX/nuttx-export/libs/libnuttx.a(arch-stm32_serial.o)
 .text.up_txint
                0x0000000008006676       0x38 /home/beatrice/Licenta_FisiereComplete/ardupilot/build/px4-v3/modules/PX4Firmware/px4io-v2/NuttX/nuttx-export/libs/libnuttx.a(arch-stm32_serial.o)
 .text.up_interrupt_common
                0x00000000080066ae       0x4e /home/beatrice/Licenta_FisiereComplete/ardupilot/build/px4-v3/modules/PX4Firmware/px4io-v2/NuttX/nuttx-export/libs/libnuttx.a(arch-stm32_serial.o)
 .text.up_interrupt_usart3
                0x00000000080066fc        0xc /home/beatrice/Licenta_FisiereComplete/ardupilot/build/px4-v3/modules/PX4Firmware/px4io-v2/NuttX/nuttx-export/libs/libnuttx.a(arch-stm32_serial.o)
 .text.up_interrupt_usart2
                0x0000000008006708        0xc /home/beatrice/Licenta_FisiereComplete/ardupilot/build/px4-v3/modules/PX4Firmware/px4io-v2/NuttX/nuttx-export/libs/libnuttx.a(arch-stm32_serial.o)
 .text.up_interrupt_usart1
                0x0000000008006714        0xc /home/beatrice/Licenta_FisiereComplete/ardupilot/build/px4-v3/modules/PX4Firmware/px4io-v2/NuttX/nuttx-export/libs/libnuttx.a(arch-stm32_serial.o)
 .text.up_dma_receive
                0x0000000008006720       0x28 /home/beatrice/Licenta_FisiereComplete/ardupilot/build/px4-v3/modules/PX4Firmware/px4io-v2/NuttX/nuttx-export/libs/libnuttx.a(arch-stm32_serial.o)
 .text.up_ioctl
                0x0000000008006748       0xa2 /home/beatrice/Licenta_FisiereComplete/ardupilot/build/px4-v3/modules/PX4Firmware/px4io-v2/NuttX/nuttx-export/libs/libnuttx.a(arch-stm32_serial.o)
 .text.up_detach
                0x00000000080067ea       0x1a /home/beatrice/Licenta_FisiereComplete/ardupilot/build/px4-v3/modules/PX4Firmware/px4io-v2/NuttX/nuttx-export/libs/libnuttx.a(arch-stm32_serial.o)
 .text.up_attach
                0x0000000008006804       0x1e /home/beatrice/Licenta_FisiereComplete/ardupilot/build/px4-v3/modules/PX4Firmware/px4io-v2/NuttX/nuttx-export/libs/libnuttx.a(arch-stm32_serial.o)
 .text.up_dma_shutdown
                0x0000000008006822       0x1a /home/beatrice/Licenta_FisiereComplete/ardupilot/build/px4-v3/modules/PX4Firmware/px4io-v2/NuttX/nuttx-export/libs/libnuttx.a(arch-stm32_serial.o)
 .text.up_setup
                0x000000000800683c       0x58 /home/beatrice/Licenta_FisiereComplete/ardupilot/build/px4-v3/modules/PX4Firmware/px4io-v2/NuttX/nuttx-export/libs/libnuttx.a(arch-stm32_serial.o)
 .text.up_dma_setup
                0x0000000008006894       0x50 /home/beatrice/Licenta_FisiereComplete/ardupilot/build/px4-v3/modules/PX4Firmware/px4io-v2/NuttX/nuttx-export/libs/libnuttx.a(arch-stm32_serial.o)
 .text.up_dma_rxavailable
                0x00000000080068e4       0x18 /home/beatrice/Licenta_FisiereComplete/ardupilot/build/px4-v3/modules/PX4Firmware/px4io-v2/NuttX/nuttx-export/libs/libnuttx.a(arch-stm32_serial.o)
 .text.up_dma_rxcallback
                0x00000000080068fc       0x1e /home/beatrice/Licenta_FisiereComplete/ardupilot/build/px4-v3/modules/PX4Firmware/px4io-v2/NuttX/nuttx-export/libs/libnuttx.a(arch-stm32_serial.o)
 *fill*         0x000000000800691a        0x2 
 .text.up_earlyserialinit
                0x000000000800691c       0x34 /home/beatrice/Licenta_FisiereComplete/ardupilot/build/px4-v3/modules/PX4Firmware/px4io-v2/NuttX/nuttx-export/libs/libnuttx.a(arch-stm32_serial.o)
                0x000000000800691c                up_earlyserialinit
 .text.up_serialinit
                0x0000000008006950       0x60 /home/beatrice/Licenta_FisiereComplete/ardupilot/build/px4-v3/modules/PX4Firmware/px4io-v2/NuttX/nuttx-export/libs/libnuttx.a(arch-stm32_serial.o)
                0x0000000008006950                up_serialinit
 .text.stm32_serial_dma_poll
                0x00000000080069b0       0x34 /home/beatrice/Licenta_FisiereComplete/ardupilot/build/px4-v3/modules/PX4Firmware/px4io-v2/NuttX/nuttx-export/libs/libnuttx.a(arch-stm32_serial.o)
                0x00000000080069b0                stm32_serial_dma_poll
 .text.up_putc  0x00000000080069e4       0x3c /home/beatrice/Licenta_FisiereComplete/ardupilot/build/px4-v3/modules/PX4Firmware/px4io-v2/NuttX/nuttx-export/libs/libnuttx.a(arch-stm32_serial.o)
                0x00000000080069e4                up_putc
 .text.__start  0x0000000008006a20       0x54 /home/beatrice/Licenta_FisiereComplete/ardupilot/build/px4-v3/modules/PX4Firmware/px4io-v2/NuttX/nuttx-export/libs/libnuttx.a(arch-stm32_start.o)
                0x0000000008006a20                __start
 .text.up_assert
                0x0000000008006a74      0x144 /home/beatrice/Licenta_FisiereComplete/ardupilot/build/px4-v3/modules/PX4Firmware/px4io-v2/NuttX/nuttx-export/libs/libnuttx.a(arch-up_assert.o)
                0x0000000008006a74                up_assert
 .text.up_hardfault
                0x0000000008006bb8       0x40 /home/beatrice/Licenta_FisiereComplete/ardupilot/build/px4-v3/modules/PX4Firmware/px4io-v2/NuttX/nuttx-export/libs/libnuttx.a(arch-up_hardfault.o)
                0x0000000008006bb8                up_hardfault
 .text.modifyreg32
                0x0000000008006bf8       0x1c /home/beatrice/Licenta_FisiereComplete/ardupilot/build/px4-v3/modules/PX4Firmware/px4io-v2/NuttX/nuttx-export/libs/libnuttx.a(arch-up_modifyreg32.o)
                0x0000000008006bf8                modifyreg32
 .text.up_svcall
                0x0000000008006c14       0x38 /home/beatrice/Licenta_FisiereComplete/ardupilot/build/px4-v3/modules/PX4Firmware/px4io-v2/NuttX/nuttx-export/libs/libnuttx.a(arch-up_svcall.o)
                0x0000000008006c14                up_svcall
 .text.up_systemreset
                0x0000000008006c4c       0x1c /home/beatrice/Licenta_FisiereComplete/ardupilot/build/px4-v3/modules/PX4Firmware/px4io-v2/NuttX/nuttx-export/libs/libnuttx.a(arch-up_systemreset.o)
                0x0000000008006c4c                up_systemreset
 .text.up_udelay
                0x0000000008006c68       0x72 /home/beatrice/Licenta_FisiereComplete/ardupilot/build/px4-v3/modules/PX4Firmware/px4io-v2/NuttX/nuttx-export/libs/libnuttx.a(arch-up_udelay.o)
                0x0000000008006c68                up_udelay
 .text.__cxa_atexit
                0x0000000008006cda        0x4 /home/beatrice/Licenta_FisiereComplete/ardupilot/build/px4-v3/modules/PX4Firmware/px4io-v2/NuttX/nuttx-export/libs/libnuttx.a(cxx-libxx_cxa_atexit.o)
                0x0000000008006cda                __cxa_atexit
 *fill*         0x0000000008006cde        0x2 
 .text.__cxa_pure_virtual
                0x0000000008006ce0       0x10 /home/beatrice/Licenta_FisiereComplete/ardupilot/build/px4-v3/modules/PX4Firmware/px4io-v2/NuttX/nuttx-export/libs/libnuttx.a(cxx-libxx_cxapurevirtual.o)
                0x0000000008006ce0                __cxa_pure_virtual
 .text._ZdlPv   0x0000000008006cf0        0x4 /home/beatrice/Licenta_FisiereComplete/ardupilot/build/px4-v3/modules/PX4Firmware/px4io-v2/NuttX/nuttx-export/libs/libnuttx.a(cxx-libxx_delete.o)
                0x0000000008006cf0                operator delete(void*)
 .text.__aeabi_atexit
                0x0000000008006cf4        0xa /home/beatrice/Licenta_FisiereComplete/ardupilot/build/px4-v3/modules/PX4Firmware/px4io-v2/NuttX/nuttx-export/libs/libnuttx.a(cxx-libxx_eabi_atexit.o)
                0x0000000008006cf4                __aeabi_atexit
 .text._Znwj    0x0000000008006cfe        0xa /home/beatrice/Licenta_FisiereComplete/ardupilot/build/px4-v3/modules/PX4Firmware/px4io-v2/NuttX/nuttx-export/libs/libnuttx.a(cxx-libxx_new.o)
                0x0000000008006cfe                operator new(unsigned int)
 .text.ioctl    0x0000000008006d08       0x48 /home/beatrice/Licenta_FisiereComplete/ardupilot/build/px4-v3/modules/PX4Firmware/px4io-v2/NuttX/nuttx-export/libs/libnuttx.a(fs-fs_ioctl.o)
                0x0000000008006d08                ioctl
 .text.inode_checkflags
                0x0000000008006d50       0x28 /home/beatrice/Licenta_FisiereComplete/ardupilot/build/px4-v3/modules/PX4Firmware/px4io-v2/NuttX/nuttx-export/libs/libnuttx.a(fs-fs_open.o)
                0x0000000008006d50                inode_checkflags
 .text.open     0x0000000008006d78       0x92 /home/beatrice/Licenta_FisiereComplete/ardupilot/build/px4-v3/modules/PX4Firmware/px4io-v2/NuttX/nuttx-export/libs/libnuttx.a(fs-fs_open.o)
                0x0000000008006d78                open
 .text.read     0x0000000008006e0a       0x64 /home/beatrice/Licenta_FisiereComplete/ardupilot/build/px4-v3/modules/PX4Firmware/px4io-v2/NuttX/nuttx-export/libs/libnuttx.a(fs-fs_read.o)
                0x0000000008006e0a                read
 .text.write    0x0000000008006e6e       0x58 /home/beatrice/Licenta_FisiereComplete/ardupilot/build/px4-v3/modules/PX4Firmware/px4io-v2/NuttX/nuttx-export/libs/libnuttx.a(fs-fs_write.o)
                0x0000000008006e6e                write
 .text.uart_xmitchars
                0x0000000008006ec6       0x6e /home/beatrice/Licenta_FisiereComplete/ardupilot/build/px4-v3/modules/PX4Firmware/px4io-v2/NuttX/nuttx-export/libs/libnuttx.a(drivers-serialirq.o)
                0x0000000008006ec6                uart_xmitchars
 .text.uart_recvchars
                0x0000000008006f34       0x5c /home/beatrice/Licenta_FisiereComplete/ardupilot/build/px4-v3/modules/PX4Firmware/px4io-v2/NuttX/nuttx-export/libs/libnuttx.a(drivers-serialirq.o)
                0x0000000008006f34                uart_recvchars
 .text.uart_ioctl
                0x0000000008006f90       0xc8 /home/beatrice/Licenta_FisiereComplete/ardupilot/build/px4-v3/modules/PX4Firmware/px4io-v2/NuttX/nuttx-export/libs/libnuttx.a(drivers-serial.o)
 .text.uart_takesem
                0x0000000008007058       0x30 /home/beatrice/Licenta_FisiereComplete/ardupilot/build/px4-v3/modules/PX4Firmware/px4io-v2/NuttX/nuttx-export/libs/libnuttx.a(drivers-serial.o)
 .text.uart_putxmitchar
                0x0000000008007088       0x86 /home/beatrice/Licenta_FisiereComplete/ardupilot/build/px4-v3/modules/PX4Firmware/px4io-v2/NuttX/nuttx-export/libs/libnuttx.a(drivers-serial.o)
 .text.uart_write
                0x000000000800710e       0xe8 /home/beatrice/Licenta_FisiereComplete/ardupilot/build/px4-v3/modules/PX4Firmware/px4io-v2/NuttX/nuttx-export/libs/libnuttx.a(drivers-serial.o)
 .text.uart_read
                0x00000000080071f6       0xfa /home/beatrice/Licenta_FisiereComplete/ardupilot/build/px4-v3/modules/PX4Firmware/px4io-v2/NuttX/nuttx-export/libs/libnuttx.a(drivers-serial.o)
 .text.uart_open
                0x00000000080072f0       0xa6 /home/beatrice/Licenta_FisiereComplete/ardupilot/build/px4-v3/modules/PX4Firmware/px4io-v2/NuttX/nuttx-export/libs/libnuttx.a(drivers-serial.o)
 .text.uart_close
                0x0000000008007396       0x7e /home/beatrice/Licenta_FisiereComplete/ardupilot/build/px4-v3/modules/PX4Firmware/px4io-v2/NuttX/nuttx-export/libs/libnuttx.a(drivers-serial.o)
 .text.uart_register
                0x0000000008007414       0x54 /home/beatrice/Licenta_FisiereComplete/ardupilot/build/px4-v3/modules/PX4Firmware/px4io-v2/NuttX/nuttx-export/libs/libnuttx.a(drivers-serial.o)
                0x0000000008007414                uart_register
 .text.uart_datareceived
                0x0000000008007468       0x12 /home/beatrice/Licenta_FisiereComplete/ardupilot/build/px4-v3/modules/PX4Firmware/px4io-v2/NuttX/nuttx-export/libs/libnuttx.a(drivers-serial.o)
                0x0000000008007468                uart_datareceived
 .text.uart_datasent
                0x000000000800747a       0x12 /home/beatrice/Licenta_FisiereComplete/ardupilot/build/px4-v3/modules/PX4Firmware/px4io-v2/NuttX/nuttx-export/libs/libnuttx.a(drivers-serial.o)
                0x000000000800747a                uart_datasent
 .text.get_errno_ptr
                0x000000000800748c       0x24 /home/beatrice/Licenta_FisiereComplete/ardupilot/build/px4-v3/modules/PX4Firmware/px4io-v2/NuttX/nuttx-export/libs/libnuttx.a(sched-errno_getptr.o)
                0x000000000800748c                get_errno_ptr
 .text.exit     0x00000000080074b0       0x1c /home/beatrice/Licenta_FisiereComplete/ardupilot/build/px4-v3/modules/PX4Firmware/px4io-v2/NuttX/nuttx-export/libs/libnuttx.a(sched-exit.o)
                0x00000000080074b0                exit
 .text.getpid   0x00000000080074cc       0x10 /home/beatrice/Licenta_FisiereComplete/ardupilot/build/px4-v3/modules/PX4Firmware/px4io-v2/NuttX/nuttx-export/libs/libnuttx.a(sched-getpid.o)
                0x00000000080074cc                getpid
 .text.os_start
                0x00000000080074dc      0x12c /home/beatrice/Licenta_FisiereComplete/ardupilot/build/px4-v3/modules/PX4Firmware/px4io-v2/NuttX/nuttx-export/libs/libnuttx.a(sched-os_start.o)
                0x00000000080074dc                os_start
 .text.sched_garbagecollection
                0x0000000008007608       0x2c /home/beatrice/Licenta_FisiereComplete/ardupilot/build/px4-v3/modules/PX4Firmware/px4io-v2/NuttX/nuttx-export/libs/libnuttx.a(sched-sched_garbage.o)
                0x0000000008007608                sched_garbagecollection
 .text.sched_getfiles
                0x0000000008007634       0x10 /home/beatrice/Licenta_FisiereComplete/ardupilot/build/px4-v3/modules/PX4Firmware/px4io-v2/NuttX/nuttx-export/libs/libnuttx.a(sched-sched_getfiles.o)
                0x0000000008007634                sched_getfiles
 .text.sem_post
                0x0000000008007644       0x58 /home/beatrice/Licenta_FisiereComplete/ardupilot/build/px4-v3/modules/PX4Firmware/px4io-v2/NuttX/nuttx-export/libs/libnuttx.a(sched-sem_post.o)
                0x0000000008007644                sem_post
 .text.sem_trywait
                0x000000000800769c       0x4c /home/beatrice/Licenta_FisiereComplete/ardupilot/build/px4-v3/modules/PX4Firmware/px4io-v2/NuttX/nuttx-export/libs/libnuttx.a(sched-sem_trywait.o)
                0x000000000800769c                sem_trywait
 .text.sem_wait
                0x00000000080076e8       0x84 /home/beatrice/Licenta_FisiereComplete/ardupilot/build/px4-v3/modules/PX4Firmware/px4io-v2/NuttX/nuttx-export/libs/libnuttx.a(sched-sem_wait.o)
                0x00000000080076e8                sem_wait
 .text.task_exithook
                0x000000000800776c       0x1e /home/beatrice/Licenta_FisiereComplete/ardupilot/build/px4-v3/modules/PX4Firmware/px4io-v2/NuttX/nuttx-export/libs/libnuttx.a(sched-task_exithook.o)
                0x000000000800776c                task_exithook
 .text.task_recover
                0x000000000800778a       0x26 /home/beatrice/Licenta_FisiereComplete/ardupilot/build/px4-v3/modules/PX4Firmware/px4io-v2/NuttX/nuttx-export/libs/libnuttx.a(sched-task_recover.o)
                0x000000000800778a                task_recover
 .text.wd_cancel
                0x00000000080077b0       0x64 /home/beatrice/Licenta_FisiereComplete/ardupilot/build/px4-v3/modules/PX4Firmware/px4io-v2/NuttX/nuttx-export/libs/libnuttx.a(sched-wd_cancel.o)
                0x00000000080077b0                wd_cancel
 .text.wd_delete
                0x0000000008007814       0x3c /home/beatrice/Licenta_FisiereComplete/ardupilot/build/px4-v3/modules/PX4Firmware/px4io-v2/NuttX/nuttx-export/libs/libnuttx.a(sched-wd_delete.o)
                0x0000000008007814                wd_delete
 .text.wd_initialize
                0x0000000008007850       0x44 /home/beatrice/Licenta_FisiereComplete/ardupilot/build/px4-v3/modules/PX4Firmware/px4io-v2/NuttX/nuttx-export/libs/libnuttx.a(sched-wd_initialize.o)
                0x0000000008007850                wd_initialize
 .text.dq_addfirst
                0x0000000008007894       0x18 /home/beatrice/Licenta_FisiereComplete/ardupilot/build/px4-v3/modules/PX4Firmware/px4io-v2/NuttX/nuttx-export/libs/libnuttx.a(c-dq_addfirst.o)
                0x0000000008007894                dq_addfirst
 .text.cfgetspeed
                0x00000000080078ac        0x4 /home/beatrice/Licenta_FisiereComplete/ardupilot/build/px4-v3/modules/PX4Firmware/px4io-v2/NuttX/nuttx-export/libs/libnuttx.a(c-lib_cfgetspeed.o)
                0x00000000080078ac                cfgetspeed
 .text.lib_checkbase
                0x00000000080078b0       0x50 /home/beatrice/Licenta_FisiereComplete/ardupilot/build/px4-v3/modules/PX4Firmware/px4io-v2/NuttX/nuttx-export/libs/libnuttx.a(c-lib_checkbase.o)
                0x00000000080078b0                lib_checkbase
 .text.lib_isbasedigit
                0x0000000008007900       0x4e /home/beatrice/Licenta_FisiereComplete/ardupilot/build/px4-v3/modules/PX4Firmware/px4io-v2/NuttX/nuttx-export/libs/libnuttx.a(c-lib_isbasedigit.o)
                0x0000000008007900                lib_isbasedigit
 .text.utodec   0x000000000800794e       0x24 /home/beatrice/Licenta_FisiereComplete/ardupilot/build/px4-v3/modules/PX4Firmware/px4io-v2/NuttX/nuttx-export/libs/libnuttx.a(c-lib_libvsprintf.o)
 .text.utooct   0x0000000008007972       0x1e /home/beatrice/Licenta_FisiereComplete/ardupilot/build/px4-v3/modules/PX4Firmware/px4io-v2/NuttX/nuttx-export/libs/libnuttx.a(c-lib_libvsprintf.o)
 .text.utobin   0x0000000008007990       0x1e /home/beatrice/Licenta_FisiereComplete/ardupilot/build/px4-v3/modules/PX4Firmware/px4io-v2/NuttX/nuttx-export/libs/libnuttx.a(c-lib_libvsprintf.o)
 .text.llutodec
                0x00000000080079ae       0x42 /home/beatrice/Licenta_FisiereComplete/ardupilot/build/px4-v3/modules/PX4Firmware/px4io-v2/NuttX/nuttx-export/libs/libnuttx.a(c-lib_libvsprintf.o)
 .text.llutooct
                0x00000000080079f0       0x2e /home/beatrice/Licenta_FisiereComplete/ardupilot/build/px4-v3/modules/PX4Firmware/px4io-v2/NuttX/nuttx-export/libs/libnuttx.a(c-lib_libvsprintf.o)
 .text.llutobin
                0x0000000008007a1e       0x26 /home/beatrice/Licenta_FisiereComplete/ardupilot/build/px4-v3/modules/PX4Firmware/px4io-v2/NuttX/nuttx-export/libs/libnuttx.a(c-lib_libvsprintf.o)
 .text.prejustify
                0x0000000008007a44       0x8c /home/beatrice/Licenta_FisiereComplete/ardupilot/build/px4-v3/modules/PX4Firmware/px4io-v2/NuttX/nuttx-export/libs/libnuttx.a(c-lib_libvsprintf.o)
 .text.llutohex
                0x0000000008007ad0       0x5a /home/beatrice/Licenta_FisiereComplete/ardupilot/build/px4-v3/modules/PX4Firmware/px4io-v2/NuttX/nuttx-export/libs/libnuttx.a(c-lib_libvsprintf.o)
 .text.llutoascii
                0x0000000008007b2a       0x96 /home/beatrice/Licenta_FisiereComplete/ardupilot/build/px4-v3/modules/PX4Firmware/px4io-v2/NuttX/nuttx-export/libs/libnuttx.a(c-lib_libvsprintf.o)
 .text.postjustify
                0x0000000008007bc0       0x26 /home/beatrice/Licenta_FisiereComplete/ardupilot/build/px4-v3/modules/PX4Firmware/px4io-v2/NuttX/nuttx-export/libs/libnuttx.a(c-lib_libvsprintf.o)
 .text.utohex   0x0000000008007be6       0x4a /home/beatrice/Licenta_FisiereComplete/ardupilot/build/px4-v3/modules/PX4Firmware/px4io-v2/NuttX/nuttx-export/libs/libnuttx.a(c-lib_libvsprintf.o)
 .text.utoascii
                0x0000000008007c30       0x8a /home/beatrice/Licenta_FisiereComplete/ardupilot/build/px4-v3/modules/PX4Firmware/px4io-v2/NuttX/nuttx-export/libs/libnuttx.a(c-lib_libvsprintf.o)
 *fill*         0x0000000008007cba        0x2 
 .text.lib_vsprintf
                0x0000000008007cbc      0x2b0 /home/beatrice/Licenta_FisiereComplete/ardupilot/build/px4-v3/modules/PX4Firmware/px4io-v2/NuttX/nuttx-export/libs/libnuttx.a(c-lib_libvsprintf.o)
                0x0000000008007cbc                lib_vsprintf
 .text.lowoutstream_putc
                0x0000000008007f6c       0x16 /home/beatrice/Licenta_FisiereComplete/ardupilot/build/px4-v3/modules/PX4Firmware/px4io-v2/NuttX/nuttx-export/libs/libnuttx.a(c-lib_lowoutstream.o)
 *fill*         0x0000000008007f82        0x2 
 .text.lib_lowoutstream
                0x0000000008007f84       0x10 /home/beatrice/Licenta_FisiereComplete/ardupilot/build/px4-v3/modules/PX4Firmware/px4io-v2/NuttX/nuttx-export/libs/libnuttx.a(c-lib_lowoutstream.o)
                0x0000000008007f84                lib_lowoutstream
 .text.memoutstream_putc
                0x0000000008007f94       0x1a /home/beatrice/Licenta_FisiereComplete/ardupilot/build/px4-v3/modules/PX4Firmware/px4io-v2/NuttX/nuttx-export/libs/libnuttx.a(c-lib_memoutstream.o)
 *fill*         0x0000000008007fae        0x2 
 .text.lib_memoutstream
                0x0000000008007fb0       0x18 /home/beatrice/Licenta_FisiereComplete/ardupilot/build/px4-v3/modules/PX4Firmware/px4io-v2/NuttX/nuttx-export/libs/libnuttx.a(c-lib_memoutstream.o)
                0x0000000008007fb0                lib_memoutstream
 .text.nulloutstream_putc
                0x0000000008007fc8        0x8 /home/beatrice/Licenta_FisiereComplete/ardupilot/build/px4-v3/modules/PX4Firmware/px4io-v2/NuttX/nuttx-export/libs/libnuttx.a(c-lib_nulloutstream.o)
 .text.lib_nulloutstream
                0x0000000008007fd0       0x10 /home/beatrice/Licenta_FisiereComplete/ardupilot/build/px4-v3/modules/PX4Firmware/px4io-v2/NuttX/nuttx-export/libs/libnuttx.a(c-lib_nulloutstream.o)
                0x0000000008007fd0                lib_nulloutstream
 .text.rawoutstream_putc
                0x0000000008007fe0       0x2e /home/beatrice/Licenta_FisiereComplete/ardupilot/build/px4-v3/modules/PX4Firmware/px4io-v2/NuttX/nuttx-export/libs/libnuttx.a(c-lib_rawoutstream.o)
 *fill*         0x000000000800800e        0x2 
 .text.lib_rawoutstream
                0x0000000008008010       0x10 /home/beatrice/Licenta_FisiereComplete/ardupilot/build/px4-v3/modules/PX4Firmware/px4io-v2/NuttX/nuttx-export/libs/libnuttx.a(c-lib_rawoutstream.o)
                0x0000000008008010                lib_rawoutstream
 .text.lib_skipspace
                0x0000000008008020       0x16 /home/beatrice/Licenta_FisiereComplete/ardupilot/build/px4-v3/modules/PX4Firmware/px4io-v2/NuttX/nuttx-export/libs/libnuttx.a(c-lib_skipspace.o)
                0x0000000008008020                lib_skipspace
 .text.strcpy   0x0000000008008036       0x10 /home/beatrice/Licenta_FisiereComplete/ardupilot/build/px4-v3/modules/PX4Firmware/px4io-v2/NuttX/nuttx-export/libs/libnuttx.a(c-lib_strcpy.o)
                0x0000000008008036                strcpy
 .text.strlen   0x0000000008008046       0x10 /home/beatrice/Licenta_FisiereComplete/ardupilot/build/px4-v3/modules/PX4Firmware/px4io-v2/NuttX/nuttx-export/libs/libnuttx.a(c-lib_strlen.o)
                0x0000000008008046                strlen
 .text.sem_init
                0x0000000008008056       0x1e /home/beatrice/Licenta_FisiereComplete/ardupilot/build/px4-v3/modules/PX4Firmware/px4io-v2/NuttX/nuttx-export/libs/libnuttx.a(c-sem_init.o)
                0x0000000008008056                sem_init
 .text.sq_remafter
                0x0000000008008074       0x20 /home/beatrice/Licenta_FisiereComplete/ardupilot/build/px4-v3/modules/PX4Firmware/px4io-v2/NuttX/nuttx-export/libs/libnuttx.a(c-sq_remafter.o)
                0x0000000008008074                sq_remafter
 .text.sq_remfirst
                0x0000000008008094       0x14 /home/beatrice/Licenta_FisiereComplete/ardupilot/build/px4-v3/modules/PX4Firmware/px4io-v2/NuttX/nuttx-export/libs/libnuttx.a(c-sq_remfirst.o)
                0x0000000008008094                sq_remfirst
 .text.mm_addfreechunk
                0x00000000080080a8       0x38 /home/beatrice/Licenta_FisiereComplete/ardupilot/build/px4-v3/modules/PX4Firmware/px4io-v2/NuttX/nuttx-export/libs/libnuttx.a(mm-mm_addfreechunk.o)
                0x00000000080080a8                mm_addfreechunk
 .text.mm_addregion
                0x00000000080080e0       0x50 /home/beatrice/Licenta_FisiereComplete/ardupilot/build/px4-v3/modules/PX4Firmware/px4io-v2/NuttX/nuttx-export/libs/libnuttx.a(mm-mm_initialize.o)
                0x00000000080080e0                mm_addregion
 .text.mm_initialize
                0x0000000008008130       0x40 /home/beatrice/Licenta_FisiereComplete/ardupilot/build/px4-v3/modules/PX4Firmware/px4io-v2/NuttX/nuttx-export/libs/libnuttx.a(mm-mm_initialize.o)
                0x0000000008008130                mm_initialize
 .text.up_allocate_heap
                0x0000000008008170       0x14 /home/beatrice/Licenta_FisiereComplete/ardupilot/build/px4-v3/modules/PX4Firmware/px4io-v2/NuttX/nuttx-export/libs/libnuttx.a(arch-stm32_allocateheap.o)
                0x0000000008008170                up_allocate_heap
 .text.up_idle  0x0000000008008184        0x4 /home/beatrice/Licenta_FisiereComplete/ardupilot/build/px4-v3/modules/PX4Firmware/px4io-v2/NuttX/nuttx-export/libs/libnuttx.a(arch-stm32_idle.o)
                0x0000000008008184                up_idle
 .text.up_lowputc
                0x0000000008008188       0x18 /home/beatrice/Licenta_FisiereComplete/ardupilot/build/px4-v3/modules/PX4Firmware/px4io-v2/NuttX/nuttx-export/libs/libnuttx.a(arch-stm32_lowputc.o)
                0x0000000008008188                up_lowputc
 .text.stm32_lowsetup
                0x00000000080081a0       0x6c /home/beatrice/Licenta_FisiereComplete/ardupilot/build/px4-v3/modules/PX4Firmware/px4io-v2/NuttX/nuttx-export/libs/libnuttx.a(arch-stm32_lowputc.o)
                0x00000000080081a0                stm32_lowsetup
 .text.stm32_clockconfig
                0x000000000800820c       0xe8 /home/beatrice/Licenta_FisiereComplete/ardupilot/build/px4-v3/modules/PX4Firmware/px4io-v2/NuttX/nuttx-export/libs/libnuttx.a(arch-stm32_rcc.o)
                0x000000000800820c                stm32_clockconfig
 .text.up_block_task
                0x00000000080082f4       0x74 /home/beatrice/Licenta_FisiereComplete/ardupilot/build/px4-v3/modules/PX4Firmware/px4io-v2/NuttX/nuttx-export/libs/libnuttx.a(arch-up_blocktask.o)
                0x00000000080082f4                up_block_task
 .text.up_copystate
                0x0000000008008368       0x18 /home/beatrice/Licenta_FisiereComplete/ardupilot/build/px4-v3/modules/PX4Firmware/px4io-v2/NuttX/nuttx-export/libs/libnuttx.a(arch-up_copystate.o)
                0x0000000008008368                up_copystate
 .text          0x0000000008008380       0x5e /home/beatrice/Licenta_FisiereComplete/ardupilot/build/px4-v3/modules/PX4Firmware/px4io-v2/NuttX/nuttx-export/libs/libnuttx.a(arch-up_exception.o)
                0x0000000008008380                exception_common
 *fill*         0x00000000080083de        0x2 
 .text._exit    0x00000000080083e0       0x1c /home/beatrice/Licenta_FisiereComplete/ardupilot/build/px4-v3/modules/PX4Firmware/px4io-v2/NuttX/nuttx-export/libs/libnuttx.a(arch-up_exit.o)
                0x00000000080083e0                _exit
 .text          0x00000000080083fc        0xa /home/beatrice/Licenta_FisiereComplete/ardupilot/build/px4-v3/modules/PX4Firmware/px4io-v2/NuttX/nuttx-export/libs/libnuttx.a(arch-up_fullcontextrestore.o)
                0x00000000080083fc                up_fullcontextrestore
 *fill*         0x0000000008008406        0x2 
 .text.up_initialize
                0x0000000008008408       0x28 /home/beatrice/Licenta_FisiereComplete/ardupilot/build/px4-v3/modules/PX4Firmware/px4io-v2/NuttX/nuttx-export/libs/libnuttx.a(arch-up_initialize.o)
                0x0000000008008408                up_initialize
 .text.up_initial_state
                0x0000000008008430       0x34 /home/beatrice/Licenta_FisiereComplete/ardupilot/build/px4-v3/modules/PX4Firmware/px4io-v2/NuttX/nuttx-export/libs/libnuttx.a(arch-up_initialstate.o)
                0x0000000008008430                up_initial_state
 .text.up_interrupt_context
                0x0000000008008464       0x10 /home/beatrice/Licenta_FisiereComplete/ardupilot/build/px4-v3/modules/PX4Firmware/px4io-v2/NuttX/nuttx-export/libs/libnuttx.a(arch-up_interruptcontext.o)
                0x0000000008008464                up_interrupt_context
 .text.up_mdelay
                0x0000000008008474       0x2a /home/beatrice/Licenta_FisiereComplete/ardupilot/build/px4-v3/modules/PX4Firmware/px4io-v2/NuttX/nuttx-export/libs/libnuttx.a(arch-up_mdelay.o)
                0x0000000008008474                up_mdelay
 .text          0x000000000800849e        0xc /home/beatrice/Licenta_FisiereComplete/ardupilot/build/px4-v3/modules/PX4Firmware/px4io-v2/NuttX/nuttx-export/libs/libnuttx.a(arch-up_switchcontext.o)
                0x000000000800849e                up_switchcontext
 *fill*         0x00000000080084aa        0x2 
 .text.up_unblock_task
                0x00000000080084ac       0x54 /home/beatrice/Licenta_FisiereComplete/ardupilot/build/px4-v3/modules/PX4Firmware/px4io-v2/NuttX/nuttx-export/libs/libnuttx.a(arch-up_unblocktask.o)
                0x00000000080084ac                up_unblock_task
 .text._files_close
                0x0000000008008500       0x2a /home/beatrice/Licenta_FisiereComplete/ardupilot/build/px4-v3/modules/PX4Firmware/px4io-v2/NuttX/nuttx-export/libs/libnuttx.a(fs-fs_files.o)
 *fill*         0x000000000800852a        0x2 
 .text._files_semtake
                0x000000000800852c       0x24 /home/beatrice/Licenta_FisiereComplete/ardupilot/build/px4-v3/modules/PX4Firmware/px4io-v2/NuttX/nuttx-export/libs/libnuttx.a(fs-fs_files.o)
 .text.files_initialize
                0x0000000008008550        0x2 /home/beatrice/Licenta_FisiereComplete/ardupilot/build/px4-v3/modules/PX4Firmware/px4io-v2/NuttX/nuttx-export/libs/libnuttx.a(fs-fs_files.o)
                0x0000000008008550                files_initialize
 .text.files_initlist
                0x0000000008008552        0x8 /home/beatrice/Licenta_FisiereComplete/ardupilot/build/px4-v3/modules/PX4Firmware/px4io-v2/NuttX/nuttx-export/libs/libnuttx.a(fs-fs_files.o)
                0x0000000008008552                files_initlist
 .text.files_releaselist
                0x000000000800855a       0x20 /home/beatrice/Licenta_FisiereComplete/ardupilot/build/px4-v3/modules/PX4Firmware/px4io-v2/NuttX/nuttx-export/libs/libnuttx.a(fs-fs_files.o)
                0x000000000800855a                files_releaselist
 .text.files_dup
                0x000000000800857a       0x84 /home/beatrice/Licenta_FisiereComplete/ardupilot/build/px4-v3/modules/PX4Firmware/px4io-v2/NuttX/nuttx-export/libs/libnuttx.a(fs-fs_files.o)
                0x000000000800857a                files_dup
 .text.files_allocate
                0x00000000080085fe       0x52 /home/beatrice/Licenta_FisiereComplete/ardupilot/build/px4-v3/modules/PX4Firmware/px4io-v2/NuttX/nuttx-export/libs/libnuttx.a(fs-fs_files.o)
                0x00000000080085fe                files_allocate
 .text.files_close
                0x0000000008008650       0x3c /home/beatrice/Licenta_FisiereComplete/ardupilot/build/px4-v3/modules/PX4Firmware/px4io-v2/NuttX/nuttx-export/libs/libnuttx.a(fs-fs_files.o)
                0x0000000008008650                files_close
 .text.files_release
                0x000000000800868c       0x2c /home/beatrice/Licenta_FisiereComplete/ardupilot/build/px4-v3/modules/PX4Firmware/px4io-v2/NuttX/nuttx-export/libs/libnuttx.a(fs-fs_files.o)
                0x000000000800868c                files_release
 .text.inode_addref
                0x00000000080086b8       0x1a /home/beatrice/Licenta_FisiereComplete/ardupilot/build/px4-v3/modules/PX4Firmware/px4io-v2/NuttX/nuttx-export/libs/libnuttx.a(fs-fs_inodeaddref.o)
                0x00000000080086b8                inode_addref
 .text.inode_find
                0x00000000080086d2       0x34 /home/beatrice/Licenta_FisiereComplete/ardupilot/build/px4-v3/modules/PX4Firmware/px4io-v2/NuttX/nuttx-export/libs/libnuttx.a(fs-fs_inodefind.o)
                0x00000000080086d2                inode_find
 *fill*         0x0000000008008706        0x2 
 .text.fs_initialize
                0x0000000008008708       0x20 /home/beatrice/Licenta_FisiereComplete/ardupilot/build/px4-v3/modules/PX4Firmware/px4io-v2/NuttX/nuttx-export/libs/libnuttx.a(fs-fs_inode.o)
                0x0000000008008708                fs_initialize
 .text.inode_semtake
                0x0000000008008728       0x28 /home/beatrice/Licenta_FisiereComplete/ardupilot/build/px4-v3/modules/PX4Firmware/px4io-v2/NuttX/nuttx-export/libs/libnuttx.a(fs-fs_inode.o)
                0x0000000008008728                inode_semtake
 .text.inode_semgive
                0x0000000008008750        0xc /home/beatrice/Licenta_FisiereComplete/ardupilot/build/px4-v3/modules/PX4Firmware/px4io-v2/NuttX/nuttx-export/libs/libnuttx.a(fs-fs_inode.o)
                0x0000000008008750                inode_semgive
 .text.inode_free
                0x000000000800875c       0x1e /home/beatrice/Licenta_FisiereComplete/ardupilot/build/px4-v3/modules/PX4Firmware/px4io-v2/NuttX/nuttx-export/libs/libnuttx.a(fs-fs_inode.o)
                0x000000000800875c                inode_free
 .text.inode_nextname
                0x000000000800877a       0x12 /home/beatrice/Licenta_FisiereComplete/ardupilot/build/px4-v3/modules/PX4Firmware/px4io-v2/NuttX/nuttx-export/libs/libnuttx.a(fs-fs_inode.o)
                0x000000000800877a                inode_nextname
 .text.inode_search
                0x000000000800878c       0x90 /home/beatrice/Licenta_FisiereComplete/ardupilot/build/px4-v3/modules/PX4Firmware/px4io-v2/NuttX/nuttx-export/libs/libnuttx.a(fs-fs_inode.o)
                0x000000000800878c                inode_search
 .text.inode_release
                0x000000000800881c       0x40 /home/beatrice/Licenta_FisiereComplete/ardupilot/build/px4-v3/modules/PX4Firmware/px4io-v2/NuttX/nuttx-export/libs/libnuttx.a(fs-fs_inoderelease.o)
                0x000000000800881c                inode_release
 .text.register_driver
                0x000000000800885c       0x32 /home/beatrice/Licenta_FisiereComplete/ardupilot/build/px4-v3/modules/PX4Firmware/px4io-v2/NuttX/nuttx-export/libs/libnuttx.a(fs-fs_registerdriver.o)
                0x000000000800885c                register_driver
 .text.group_allocate
                0x000000000800888e       0x18 /home/beatrice/Licenta_FisiereComplete/ardupilot/build/px4-v3/modules/PX4Firmware/px4io-v2/NuttX/nuttx-export/libs/libnuttx.a(sched-group_create.o)
                0x000000000800888e                group_allocate
 .text.group_initialize
                0x00000000080088a6        0xa /home/beatrice/Licenta_FisiereComplete/ardupilot/build/px4-v3/modules/PX4Firmware/px4io-v2/NuttX/nuttx-export/libs/libnuttx.a(sched-group_create.o)
                0x00000000080088a6                group_initialize
 .text.group_leave
                0x00000000080088b0       0x26 /home/beatrice/Licenta_FisiereComplete/ardupilot/build/px4-v3/modules/PX4Firmware/px4io-v2/NuttX/nuttx-export/libs/libnuttx.a(sched-group_leave.o)
                0x00000000080088b0                group_leave
 *fill*         0x00000000080088d6        0x2 
 .text.group_setupidlefiles
                0x00000000080088d8       0x38 /home/beatrice/Licenta_FisiereComplete/ardupilot/build/px4-v3/modules/PX4Firmware/px4io-v2/NuttX/nuttx-export/libs/libnuttx.a(sched-group_setupidlefiles.o)
                0x00000000080088d8                group_setupidlefiles
 .text.os_bringup
                0x0000000008008910       0x34 /home/beatrice/Licenta_FisiereComplete/ardupilot/build/px4-v3/modules/PX4Firmware/px4io-v2/NuttX/nuttx-export/libs/libnuttx.a(sched-os_bringup.o)
                0x0000000008008910                os_bringup
 .text.sched_addblocked
                0x0000000008008944       0x38 /home/beatrice/Licenta_FisiereComplete/ardupilot/build/px4-v3/modules/PX4Firmware/px4io-v2/NuttX/nuttx-export/libs/libnuttx.a(sched-sched_addblocked.o)
                0x0000000008008944                sched_addblocked
 .text.sched_addprioritized
                0x000000000800897c       0x58 /home/beatrice/Licenta_FisiereComplete/ardupilot/build/px4-v3/modules/PX4Firmware/px4io-v2/NuttX/nuttx-export/libs/libnuttx.a(sched-sched_addprioritized.o)
                0x000000000800897c                sched_addprioritized
 .text.sched_addreadytorun
                0x00000000080089d4       0x60 /home/beatrice/Licenta_FisiereComplete/ardupilot/build/px4-v3/modules/PX4Firmware/px4io-v2/NuttX/nuttx-export/libs/libnuttx.a(sched-sched_addreadytorun.o)
                0x00000000080089d4                sched_addreadytorun
 .text.sched_ufree
                0x0000000008008a34       0x3c /home/beatrice/Licenta_FisiereComplete/ardupilot/build/px4-v3/modules/PX4Firmware/px4io-v2/NuttX/nuttx-export/libs/libnuttx.a(sched-sched_free.o)
                0x0000000008008a34                sched_ufree
 .text.sched_mergepending
                0x0000000008008a70       0x68 /home/beatrice/Licenta_FisiereComplete/ardupilot/build/px4-v3/modules/PX4Firmware/px4io-v2/NuttX/nuttx-export/libs/libnuttx.a(sched-sched_mergepending.o)
                0x0000000008008a70                sched_mergepending
 .text.sched_removeblocked
                0x0000000008008ad8       0x2c /home/beatrice/Licenta_FisiereComplete/ardupilot/build/px4-v3/modules/PX4Firmware/px4io-v2/NuttX/nuttx-export/libs/libnuttx.a(sched-sched_removeblocked.o)
                0x0000000008008ad8                sched_removeblocked
 .text.sched_removereadytorun
                0x0000000008008b04       0x38 /home/beatrice/Licenta_FisiereComplete/ardupilot/build/px4-v3/modules/PX4Firmware/px4io-v2/NuttX/nuttx-export/libs/libnuttx.a(sched-sched_removereadytorun.o)
                0x0000000008008b04                sched_removereadytorun
 .text.sem_destroy
                0x0000000008008b3c       0x24 /home/beatrice/Licenta_FisiereComplete/ardupilot/build/px4-v3/modules/PX4Firmware/px4io-v2/NuttX/nuttx-export/libs/libnuttx.a(sched-sem_destroy.o)
                0x0000000008008b3c                sem_destroy
 .text.thread_create
                0x0000000008008b60       0xa8 /home/beatrice/Licenta_FisiereComplete/ardupilot/build/px4-v3/modules/PX4Firmware/px4io-v2/NuttX/nuttx-export/libs/libnuttx.a(sched-task_create.o)
 .text.task_create
                0x0000000008008c08       0x16 /home/beatrice/Licenta_FisiereComplete/ardupilot/build/px4-v3/modules/PX4Firmware/px4io-v2/NuttX/nuttx-export/libs/libnuttx.a(sched-task_create.o)
                0x0000000008008c08                task_create
 *fill*         0x0000000008008c1e        0x2 
 .text.task_exit
                0x0000000008008c20       0x4c /home/beatrice/Licenta_FisiereComplete/ardupilot/build/px4-v3/modules/PX4Firmware/px4io-v2/NuttX/nuttx-export/libs/libnuttx.a(sched-task_exit.o)
                0x0000000008008c20                task_exit
 .text.task_schedsetup
                0x0000000008008c6c       0xa8 /home/beatrice/Licenta_FisiereComplete/ardupilot/build/px4-v3/modules/PX4Firmware/px4io-v2/NuttX/nuttx-export/libs/libnuttx.a(sched-task_setup.o)
                0x0000000008008c6c                task_schedsetup
 .text.task_argsetup
                0x0000000008008d14       0x5c /home/beatrice/Licenta_FisiereComplete/ardupilot/build/px4-v3/modules/PX4Firmware/px4io-v2/NuttX/nuttx-export/libs/libnuttx.a(sched-task_setup.o)
                0x0000000008008d14                task_argsetup
 .text.task_start
                0x0000000008008d70       0x28 /home/beatrice/Licenta_FisiereComplete/ardupilot/build/px4-v3/modules/PX4Firmware/px4io-v2/NuttX/nuttx-export/libs/libnuttx.a(sched-task_start.o)
                0x0000000008008d70                task_start
 .text.task_terminate
                0x0000000008008d98       0x78 /home/beatrice/Licenta_FisiereComplete/ardupilot/build/px4-v3/modules/PX4Firmware/px4io-v2/NuttX/nuttx-export/libs/libnuttx.a(sched-task_terminate.o)
                0x0000000008008d98                task_terminate
 .text.dq_addlast
                0x0000000008008e10       0x18 /home/beatrice/Licenta_FisiereComplete/ardupilot/build/px4-v3/modules/PX4Firmware/px4io-v2/NuttX/nuttx-export/libs/libnuttx.a(c-dq_addlast.o)
                0x0000000008008e10                dq_addlast
 .text.dq_rem   0x0000000008008e28       0x1c /home/beatrice/Licenta_FisiereComplete/ardupilot/build/px4-v3/modules/PX4Firmware/px4io-v2/NuttX/nuttx-export/libs/libnuttx.a(c-dq_rem.o)
                0x0000000008008e28                dq_rem
 .text.strdup   0x0000000008008e44       0x1c /home/beatrice/Licenta_FisiereComplete/ardupilot/build/px4-v3/modules/PX4Firmware/px4io-v2/NuttX/nuttx-export/libs/libnuttx.a(c-lib_strdup.o)
                0x0000000008008e44                strdup
 .text.up_timerisr
                0x0000000008008e60        0xa /home/beatrice/Licenta_FisiereComplete/ardupilot/build/px4-v3/modules/PX4Firmware/px4io-v2/NuttX/nuttx-export/libs/libnuttx.a(arch-stm32_timerisr.o)
                0x0000000008008e60                up_timerisr
 *fill*         0x0000000008008e6a        0x2 
 .text.up_timerinit
                0x0000000008008e6c       0x40 /home/beatrice/Licenta_FisiereComplete/ardupilot/build/px4-v3/modules/PX4Firmware/px4io-v2/NuttX/nuttx-export/libs/libnuttx.a(arch-stm32_timerisr.o)
                0x0000000008008e6c                up_timerinit
 .text.up_create_stack
                0x0000000008008eac       0x42 /home/beatrice/Licenta_FisiereComplete/ardupilot/build/px4-v3/modules/PX4Firmware/px4io-v2/NuttX/nuttx-export/libs/libnuttx.a(arch-up_createstack.o)
                0x0000000008008eac                up_create_stack
 *fill*         0x0000000008008eee        0x2 
 .text.up_doirq
                0x0000000008008ef0       0x2c /home/beatrice/Licenta_FisiereComplete/ardupilot/build/px4-v3/modules/PX4Firmware/px4io-v2/NuttX/nuttx-export/libs/libnuttx.a(arch-up_doirq.o)
                0x0000000008008ef0                up_doirq
 .text.up_release_stack
                0x0000000008008f1c       0x16 /home/beatrice/Licenta_FisiereComplete/ardupilot/build/px4-v3/modules/PX4Firmware/px4io-v2/NuttX/nuttx-export/libs/libnuttx.a(arch-up_releasestack.o)
                0x0000000008008f1c                up_release_stack
 .text.close    0x0000000008008f32       0x24 /home/beatrice/Licenta_FisiereComplete/ardupilot/build/px4-v3/modules/PX4Firmware/px4io-v2/NuttX/nuttx-export/libs/libnuttx.a(fs-fs_close.o)
                0x0000000008008f32                close
 .text.dup2     0x0000000008008f56       0x4a /home/beatrice/Licenta_FisiereComplete/ardupilot/build/px4-v3/modules/PX4Firmware/px4io-v2/NuttX/nuttx-export/libs/libnuttx.a(fs-fs_filedup2.o)
                0x0000000008008f56                dup2
 .text.inode_alloc
                0x0000000008008fa0       0x3c /home/beatrice/Licenta_FisiereComplete/ardupilot/build/px4-v3/modules/PX4Firmware/px4io-v2/NuttX/nuttx-export/libs/libnuttx.a(fs-fs_inodereserve.o)
 .text.inode_reserve
                0x0000000008008fdc       0xa0 /home/beatrice/Licenta_FisiereComplete/ardupilot/build/px4-v3/modules/PX4Firmware/px4io-v2/NuttX/nuttx-export/libs/libnuttx.a(fs-fs_inodereserve.o)
                0x0000000008008fdc                inode_reserve
 .text.group_setuptaskfiles
                0x000000000800907c        0xe /home/beatrice/Licenta_FisiereComplete/ardupilot/build/px4-v3/modules/PX4Firmware/px4io-v2/NuttX/nuttx-export/libs/libnuttx.a(sched-group_setuptaskfiles.o)
                0x000000000800907c                group_setuptaskfiles
 *fill*         0x000000000800908a        0x2 
 .text.irq_dispatch
                0x000000000800908c       0x20 /home/beatrice/Licenta_FisiereComplete/ardupilot/build/px4-v3/modules/PX4Firmware/px4io-v2/NuttX/nuttx-export/libs/libnuttx.a(sched-irq_dispatch.o)
                0x000000000800908c                irq_dispatch
 .text.sched_gettcb
                0x00000000080090ac       0x24 /home/beatrice/Licenta_FisiereComplete/ardupilot/build/px4-v3/modules/PX4Firmware/px4io-v2/NuttX/nuttx-export/libs/libnuttx.a(sched-sched_gettcb.o)
                0x00000000080090ac                sched_gettcb
 .text.sched_lock
                0x00000000080090d0       0x30 /home/beatrice/Licenta_FisiereComplete/ardupilot/build/px4-v3/modules/PX4Firmware/px4io-v2/NuttX/nuttx-export/libs/libnuttx.a(sched-sched_lock.o)
                0x00000000080090d0                sched_lock
 .text.sched_process_timer
                0x0000000008009100       0x1c /home/beatrice/Licenta_FisiereComplete/ardupilot/build/px4-v3/modules/PX4Firmware/px4io-v2/NuttX/nuttx-export/libs/libnuttx.a(sched-sched_processtimer.o)
                0x0000000008009100                sched_process_timer
 .text.sched_releasetcb
                0x000000000800911c       0x58 /home/beatrice/Licenta_FisiereComplete/ardupilot/build/px4-v3/modules/PX4Firmware/px4io-v2/NuttX/nuttx-export/libs/libnuttx.a(sched-sched_releasetcb.o)
                0x000000000800911c                sched_releasetcb
 .text.sched_unlock
                0x0000000008009174       0x48 /home/beatrice/Licenta_FisiereComplete/ardupilot/build/px4-v3/modules/PX4Firmware/px4io-v2/NuttX/nuttx-export/libs/libnuttx.a(sched-sched_unlock.o)
                0x0000000008009174                sched_unlock
 .text.task_activate
                0x00000000080091bc       0x18 /home/beatrice/Licenta_FisiereComplete/ardupilot/build/px4-v3/modules/PX4Firmware/px4io-v2/NuttX/nuttx-export/libs/libnuttx.a(sched-task_activate.o)
                0x00000000080091bc                task_activate
 .text.up_release_pending
                0x00000000080091d4       0x38 /home/beatrice/Licenta_FisiereComplete/ardupilot/build/px4-v3/modules/PX4Firmware/px4io-v2/NuttX/nuttx-export/libs/libnuttx.a(arch-up_releasepending.o)
                0x00000000080091d4                up_release_pending
 .text.__fpclassifyf
                0x000000000800920c       0x34 /opt/gcc-arm-none-eabi-6-2017-q2-update/bin/../lib/gcc/arm-none-eabi/6.3.1/../../../../arm-none-eabi/lib/thumb/v7-m/libm.a(lib_a-sf_fpclassify.o)
                0x000000000800920c                __fpclassifyf
 .text          0x0000000008009240       0x18 /opt/gcc-arm-none-eabi-6-2017-q2-update/bin/../lib/gcc/arm-none-eabi/6.3.1/thumb/v7-m/libgcc.a(_lshrdi3.o)
                0x0000000008009240                __aeabi_llsr
                0x0000000008009240                __lshrdi3
 .text          0x0000000008009258      0x21c /opt/gcc-arm-none-eabi-6-2017-q2-update/bin/../lib/gcc/arm-none-eabi/6.3.1/thumb/v7-m/libgcc.a(_arm_addsubsf3.o)
                0x0000000008009258                __aeabi_frsub
                0x0000000008009260                __subsf3
                0x0000000008009260                __aeabi_fsub
                0x0000000008009264                __aeabi_fadd
                0x0000000008009264                __addsf3
                0x00000000080093c4                __aeabi_ui2f
                0x00000000080093c4                __floatunsisf
                0x00000000080093cc                __aeabi_i2f
                0x00000000080093cc                __floatsisf
                0x00000000080093e8                __floatundisf
                0x00000000080093e8                __aeabi_ul2f
                0x00000000080093f8                __floatdisf
                0x00000000080093f8                __aeabi_l2f
 .text          0x0000000008009474      0x2a0 /opt/gcc-arm-none-eabi-6-2017-q2-update/bin/../lib/gcc/arm-none-eabi/6.3.1/thumb/v7-m/libgcc.a(_arm_muldivsf3.o)
                0x0000000008009474                __mulsf3
                0x0000000008009474                __aeabi_fmul
                0x00000000080095dc                __divsf3
                0x00000000080095dc                __aeabi_fdiv
 .text          0x0000000008009714       0xec /opt/gcc-arm-none-eabi-6-2017-q2-update/bin/../lib/gcc/arm-none-eabi/6.3.1/thumb/v7-m/libgcc.a(_arm_cmpsf2.o)
                0x0000000008009714                __gtsf2
                0x0000000008009714                __gesf2
                0x000000000800971c                __lesf2
                0x000000000800971c                __ltsf2
                0x0000000008009724                __nesf2
                0x0000000008009724                __eqsf2
                0x0000000008009724                __cmpsf2
                0x0000000008009784                __aeabi_cfrcmple
                0x000000000800978c                __aeabi_cfcmple
                0x000000000800978c                __aeabi_cfcmpeq
                0x000000000800979c                __aeabi_fcmpeq
                0x00000000080097b0                __aeabi_fcmplt
                0x00000000080097c4                __aeabi_fcmple
                0x00000000080097d8                __aeabi_fcmpge
                0x00000000080097ec                __aeabi_fcmpgt
 .text          0x0000000008009800       0x4c /opt/gcc-arm-none-eabi-6-2017-q2-update/bin/../lib/gcc/arm-none-eabi/6.3.1/thumb/v7-m/libgcc.a(_arm_fixsfsi.o)
                0x0000000008009800                __fixsfsi
                0x0000000008009800                __aeabi_f2iz
 .text          0x000000000800984c       0x40 /opt/gcc-arm-none-eabi-6-2017-q2-update/bin/../lib/gcc/arm-none-eabi/6.3.1/thumb/v7-m/libgcc.a(_arm_fixunssfsi.o)
                0x000000000800984c                __aeabi_f2uiz
                0x000000000800984c                __fixunssfsi
 .text          0x000000000800988c       0x30 /opt/gcc-arm-none-eabi-6-2017-q2-update/bin/../lib/gcc/arm-none-eabi/6.3.1/thumb/v7-m/libgcc.a(_aeabi_uldivmod.o)
                0x000000000800988c                __aeabi_uldivmod
 .text          0x00000000080098bc       0x28 /opt/gcc-arm-none-eabi-6-2017-q2-update/bin/../lib/gcc/arm-none-eabi/6.3.1/thumb/v7-m/libgcc.a(_popcountsi2.o)
                0x00000000080098bc                __popcountsi2
 .text          0x00000000080098e4      0x2dc /opt/gcc-arm-none-eabi-6-2017-q2-update/bin/../lib/gcc/arm-none-eabi/6.3.1/thumb/v7-m/libgcc.a(_udivmoddi4.o)
                0x00000000080098e4                __udivmoddi4
 .text          0x0000000008009bc0        0x4 /opt/gcc-arm-none-eabi-6-2017-q2-update/bin/../lib/gcc/arm-none-eabi/6.3.1/thumb/v7-m/libgcc.a(_dvmd_tls.o)
                0x0000000008009bc0                __aeabi_ldiv0
                0x0000000008009bc0                __aeabi_idiv0
 *(.fixup)
 *(.gnu.warning)
 *(.rodata .rodata.*)
 .rodata.controls_init.str1.1
                0x0000000008009bc4       0x16 CMakeFiles/px4io-v2.dir/controls.c.obj
 .rodata.user_start.str1.1
                0x0000000008009bda       0x5f CMakeFiles/px4io-v2.dir/px4io.c.obj
                                         0x63 (size before relaxing)
 .rodata.registers_set.str1.1
                0x0000000008009c39       0x33 CMakeFiles/px4io-v2.dir/registers.c.obj
 .rodata.mixer_handle_text.str1.1
                0x0000000008009c6c       0x2d CMakeFiles/px4io-v2.dir/mixer.cpp.obj
 .rodata.mixer_tick.str1.1
                0x0000000008009c99       0x2b CMakeFiles/px4io-v2.dir/mixer.cpp.obj
 .rodata._ZTV5Mixer
                0x0000000008009cc4       0x18 CMakeFiles/px4io-v2.dir/__/systemlib/mixer/mixer.cpp.obj
                0x0000000008009cc4                vtable for Mixer
 .rodata._ZTV9NullMixer
                0x0000000008009cdc       0x18 CMakeFiles/px4io-v2.dir/__/systemlib/mixer/mixer.cpp.obj
                0x0000000008009cdc                vtable for NullMixer
 .rodata._ZTV10MixerGroup
                0x0000000008009cf4       0x18 CMakeFiles/px4io-v2.dir/__/systemlib/mixer/mixer_group.cpp.obj
                0x0000000008009cf4                vtable for MixerGroup
 .rodata._ZN11SimpleMixer19parse_output_scalerEPKcRjR14mixer_scaler_s.str1.1
                0x0000000008009d0c       0x15 CMakeFiles/px4io-v2.dir/__/systemlib/mixer/mixer_simple.cpp.obj
 .rodata._ZN11SimpleMixer20parse_control_scalerEPKcRjR14mixer_scaler_sRhS5_.str1.1
                0x0000000008009d21       0x18 CMakeFiles/px4io-v2.dir/__/systemlib/mixer/mixer_simple.cpp.obj
 .rodata._ZN11SimpleMixer9from_textEPFijhhRfEjPKcRj.str1.1
                0x0000000008009d39        0x8 CMakeFiles/px4io-v2.dir/__/systemlib/mixer/mixer_simple.cpp.obj
 *fill*         0x0000000008009d41        0x3 
 .rodata._ZTV11SimpleMixer
                0x0000000008009d44       0x18 CMakeFiles/px4io-v2.dir/__/systemlib/mixer/mixer_simple.cpp.obj
                0x0000000008009d44                vtable for SimpleMixer
 .rodata.sumd_decode.str1.1
                0x0000000008009d5c      0x238 CMakeFiles/px4io-v2.dir/__/__/lib/rc/sumd.c.obj
 .rodata.sbus_decoder
                0x0000000008009f94       0xc0 CMakeFiles/px4io-v2.dir/__/__/lib/rc/sbus.c.obj
 .rodata.masks.6993
                0x000000000800a054       0x1c CMakeFiles/px4io-v2.dir/__/__/lib/rc/dsm.c.obj
 .rodata.latency_buckets
                0x000000000800a070       0x10 CMakeFiles/px4io-v2.dir/__/__/drivers/stm32/drv_hrt.c.obj
                0x000000000800a070                latency_buckets
 .rodata.io_timers
                0x000000000800a080       0x80 CMakeFiles/px4io-v2.dir/__/__/drivers/boards/px4io-v2/px4io_timer_config.c.obj
                0x000000000800a080                io_timers
 .rodata.timer_io_channels
                0x000000000800a100       0x80 CMakeFiles/px4io-v2.dir/__/__/drivers/boards/px4io-v2/px4io_timer_config.c.obj
                0x000000000800a100                timer_io_channels
 .rodata.crc8_tab
                0x000000000800a180      0x100 CMakeFiles/px4io-v2.dir/serial.c.obj
 .rodata.irq_unexpected_isr.str1.1
                0x000000000800a280       0x14 /home/beatrice/Licenta_FisiereComplete/ardupilot/build/px4-v3/modules/PX4Firmware/px4io-v2/NuttX/nuttx-export/libs/libnuttx.a(sched-irq_unexpectedisr.o)
 .rodata.crc32_tab
                0x000000000800a294      0x400 /home/beatrice/Licenta_FisiereComplete/ardupilot/build/px4-v3/modules/PX4Firmware/px4io-v2/NuttX/nuttx-export/libs/libnuttx.a(c-lib_crc32.o)
 .rodata.spaces
                0x000000000800a694        0x7 /home/beatrice/Licenta_FisiereComplete/ardupilot/build/px4-v3/modules/PX4Firmware/px4io-v2/NuttX/nuttx-export/libs/libnuttx.a(c-lib_sscanf.o)
 .rodata.vsscanf.str1.1
                0x000000000800a69b       0x14 /home/beatrice/Licenta_FisiereComplete/ardupilot/build/px4-v3/modules/PX4Firmware/px4io-v2/NuttX/nuttx-export/libs/libnuttx.a(c-lib_sscanf.o)
 .rodata.mm_takesemaphore.str1.1
                0x000000000800a6af        0x9 /home/beatrice/Licenta_FisiereComplete/ardupilot/build/px4-v3/modules/PX4Firmware/px4io-v2/NuttX/nuttx-export/libs/libnuttx.a(mm-mm_sem.o)
 .rodata.stm32_dmainterrupt.str1.1